2026-08-22 17:32:53 [SUCCESS] ✅ متصل به MongoDB
2026-08-22 17:32:53 [INFO] ✅ 96 مجوز با موفقیت ایجاد/به‌روزرسانی شدند
2026-08-22 17:32:53 [INFO] ✅ مقادیر Enum ایجاد شدند
2026-08-22 17:32:54 [INFO] ✅ آیتم‌های منو ایجاد شدند
2026-08-22 17:32:54 [INFO] ✅ تنظیمات سیستم ایجاد شدند
2026-08-22 17:32:54 [SUCCESS] ✅ Redis با موفقیت متصل شد
2026-08-22 17:32:54 [SUCCESS] ✅ کش Redis با موفقیت تست شد
2026-08-22 17:32:54 [INFO] ✅ پشتیبان‌گیری و بازبینی دسترسی فعال شد
2026-08-22 17:32:54 [SUCCESS] ✅ Socket.io با موفقیت راه‌اندازی شد
2026-08-22 17:32:54 [SUCCESS] ✅ سرور روی پورت 3000 در حال اجراست
2026-08-22 17:32:54 [INFO] 📍 آدرس محلی: http://localhost:3000
2026-08-22 17:32:54 [INFO] 📍 آدرس شبکه: http://192.168.10.17:3000
2026-08-22 18:07:53 [SUCCESS] ✅ متصل به MongoDB
2026-08-22 18:07:54 [INFO] ✅ 96 مجوز با موفقیت ایجاد/به‌روزرسانی شدند
2026-08-22 18:07:54 [INFO] ✅ مقادیر Enum ایجاد شدند
2026-08-22 18:07:54 [INFO] ✅ آیتم‌های منو ایجاد شدند
2026-08-22 18:07:54 [INFO] ✅ تنظیمات سیستم ایجاد شدند
2026-08-22 18:07:54 [SUCCESS] ✅ Redis با موفقیت متصل شد
2026-08-22 18:07:54 [SUCCESS] ✅ کش Redis با موفقیت تست شد
2026-08-22 18:07:54 [INFO] ✅ پشتیبان‌گیری و بازبینی دسترسی فعال شد
2026-08-22 18:07:54 [SUCCESS] ✅ Socket.io با موفقیت راه‌اندازی شد
2026-08-22 18:07:54 [SUCCESS] ✅ سرور روی پورت 3000 در حال اجراست
2026-08-22 18:07:54 [INFO] 📍 آدرس محلی: http://localhost:3000
2026-08-22 18:07:54 [INFO] 📍 آدرس شبکه: http://192.168.10.17:3000
2026-08-22 18:09:16 [INFO] 🔴 دریافت سیگنال خاموش شدن...
2026-08-22 18:16:05 [SUCCESS] ✅ متصل به MongoDB
2026-08-22 18:16:06 [INFO] ✅ 96 مجوز با موفقیت ایجاد/به‌روزرسانی شدند
2026-08-22 18:16:06 [INFO] ✅ مقادیر Enum ایجاد شدند
2026-08-22 18:16:06 [INFO] ✅ آیتم‌های منو ایجاد شدند
2026-08-22 18:16:06 [INFO] ✅ تنظیمات سیستم ایجاد شدند
2026-08-22 18:16:06 [SUCCESS] ✅ Redis با موفقیت متصل شد
2026-08-22 18:16:06 [SUCCESS] ✅ کش Redis با موفقیت تست شد
2026-08-22 18:16:06 [INFO] ✅ پشتیبان‌گیری و بازبینی دسترسی فعال شد
2026-08-22 18:16:06 [SUCCESS] ✅ Socket.io با موفقیت راه‌اندازی شد
2026-08-22 18:16:06 [SUCCESS] ✅ سرور روی پورت 3000 در حال اجراست
2026-08-22 18:16:06 [INFO] 📍 آدرس محلی: http://localhost:3000
2026-08-22 18:16:06 [INFO] 📍 آدرس شبکه: http://192.168.10.17:3000
2026-08-22 18:18:17 [INFO] 🔴 دریافت سیگنال خاموش شدن...
2026-08-22 18:18:26 [SUCCESS] ✅ متصل به MongoDB
2026-08-22 18:18:26 [INFO] ✅ 96 مجوز با موفقیت ایجاد/به‌روزرسانی شدند
2026-08-22 18:18:26 [INFO] ✅ مقادیر Enum ایجاد شدند
2026-08-22 18:18:26 [INFO] ✅ آیتم‌های منو ایجاد شدند
2026-08-22 18:18:27 [INFO] ✅ تنظیمات سیستم ایجاد شدند
2026-08-22 18:18:27 [SUCCESS] ✅ Redis با موفقیت متصل شد
2026-08-22 18:18:27 [SUCCESS] ✅ کش Redis با موفقیت تست شد
2026-08-22 18:18:27 [INFO] ✅ پشتیبان‌گیری و بازبینی دسترسی فعال شد
2026-08-22 18:18:27 [SUCCESS] ✅ Socket.io با موفقیت راه‌اندازی شد
2026-08-22 18:18:27 [SUCCESS] ✅ سرور روی پورت 3000 در حال اجراست
2026-08-22 18:18:27 [INFO] 📍 آدرس محلی: http://localhost:3000
2026-08-22 18:18:27 [INFO] 📍 آدرس شبکه: http://192.168.10.17:3000
2026-08-22 18:27:19 [SUCCESS] ✅ متصل به MongoDB
2026-08-22 18:27:19 [INFO] ✅ 96 مجوز با موفقیت ایجاد/به‌روزرسانی شدند
2026-08-22 18:27:19 [INFO] ✅ مقادیر Enum ایجاد شدند
2026-08-22 18:27:20 [INFO] ✅ آیتم‌های منو ایجاد شدند
2026-08-22 18:27:20 [INFO] ✅ تنظیمات سیستم ایجاد شدند
2026-08-22 18:27:20 [SUCCESS] ✅ Redis با موفقیت متصل شد
2026-08-22 18:27:20 [SUCCESS] ✅ کش Redis با موفقیت تست شد
2026-08-22 18:27:20 [INFO] ✅ پشتیبان‌گیری و بازبینی دسترسی فعال شد
2026-08-22 18:27:20 [SUCCESS] ✅ Socket.io با موفقیت راه‌اندازی شد
2026-08-22 18:27:20 [SUCCESS] ✅ سرور روی پورت 3000 در حال اجراست
2026-08-22 18:27:20 [INFO] 📍 آدرس محلی: http://localhost:3000
2026-08-22 18:27:20 [INFO] 📍 آدرس شبکه: http://192.168.10.17:3000
2026-08-22 18:27:23 [INFO] 🔴 دریافت سیگنال خاموش شدن...
2026-08-22 18:27:33 [SUCCESS] ✅ متصل به MongoDB
2026-08-22 18:27:33 [INFO] ✅ 96 مجوز با موفقیت ایجاد/به‌روزرسانی شدند
2026-08-22 18:27:33 [INFO] ✅ مقادیر Enum ایجاد شدند
2026-08-22 18:27:34 [INFO] ✅ آیتم‌های منو ایجاد شدند
2026-08-22 18:27:34 [INFO] ✅ تنظیمات سیستم ایجاد شدند
2026-08-22 18:27:34 [SUCCESS] ✅ Redis با موفقیت متصل شد
2026-08-22 18:27:34 [SUCCESS] ✅ کش Redis با موفقیت تست شد
2026-08-22 18:27:34 [INFO] ✅ پشتیبان‌گیری و بازبینی دسترسی فعال شد
2026-08-22 18:27:34 [SUCCESS] ✅ Socket.io با موفقیت راه‌اندازی شد
2026-08-22 18:27:34 [SUCCESS] ✅ سرور روی پورت 3000 در حال اجراست
2026-08-22 18:27:34 [INFO] 📍 آدرس محلی: http://localhost:3000
2026-08-22 18:27:34 [INFO] 📍 آدرس شبکه: http://192.168.10.17:3000
