2026-08-24 08:03:53 [SUCCESS] ✅ متصل به MongoDB
2026-08-24 08:03:54 [INFO] ✅ 150 مجوز با موفقیت ایجاد/به‌روزرسانی شدند
2026-08-24 08:03:54 [INFO] ✅ مقادیر Enum ایجاد شدند
2026-08-24 08:03:54 [INFO] ✅ آیتم‌های منو ایجاد شدند
2026-08-24 08:03:54 [INFO] ✅ تنظیمات سیستم ایجاد شدند
2026-08-24 08:03:54 [SUCCESS] ✅ Redis با موفقیت متصل شد
2026-08-24 08:03:54 [SUCCESS] ✅ کش Redis با موفقیت تست شد
2026-08-24 08:03:54 [INFO] ✅ پشتیبان‌گیری و بازبینی دسترسی فعال شد
2026-08-24 08:03:54 [SUCCESS] ✅ Socket.io با موفقیت راه‌اندازی شد
2026-08-24 08:03:54 [SUCCESS] ✅ سرور روی پورت 3000 در حال اجراست
2026-08-24 08:03:54 [INFO] 📍 آدرس محلی: http://localhost:3000
2026-08-24 08:03:54 [INFO] 📍 آدرس شبکه: http://192.168.10.17:3000
2026-08-24 08:07:22 [INFO] 🔴 دریافت سیگنال خاموش شدن...
2026-08-24 08:07:33 [SUCCESS] ✅ متصل به MongoDB
2026-08-24 08:07:34 [INFO] ✅ 150 مجوز با موفقیت ایجاد/به‌روزرسانی شدند
2026-08-24 08:07:34 [INFO] ✅ مقادیر Enum ایجاد شدند
2026-08-24 08:07:34 [INFO] ✅ آیتم‌های منو ایجاد شدند
2026-08-24 08:07:34 [INFO] ✅ تنظیمات سیستم ایجاد شدند
2026-08-24 08:07:34 [SUCCESS] ✅ Redis با موفقیت متصل شد
2026-08-24 08:07:34 [SUCCESS] ✅ کش Redis با موفقیت تست شد
2026-08-24 08:07:34 [INFO] ✅ پشتیبان‌گیری و بازبینی دسترسی فعال شد
2026-08-24 08:07:34 [SUCCESS] ✅ Socket.io با موفقیت راه‌اندازی شد
2026-08-24 08:07:34 [SUCCESS] ✅ سرور روی پورت 3000 در حال اجراست
2026-08-24 08:07:34 [INFO] 📍 آدرس محلی: http://localhost:3000
2026-08-24 08:07:34 [INFO] 📍 آدرس شبکه: http://192.168.10.17:3000
2026-08-24 08:10:41 [SUCCESS] ✅ متصل به MongoDB
2026-08-24 08:10:42 [INFO] ✅ 150 مجوز با موفقیت ایجاد/به‌روزرسانی شدند
2026-08-24 08:10:42 [INFO] ✅ مقادیر Enum ایجاد شدند
2026-08-24 08:10:42 [INFO] ✅ آیتم‌های منو ایجاد شدند
2026-08-24 08:10:42 [INFO] ✅ تنظیمات سیستم ایجاد شدند
2026-08-24 08:10:42 [SUCCESS] ✅ Redis با موفقیت متصل شد
2026-08-24 08:10:42 [SUCCESS] ✅ کش Redis با موفقیت تست شد
2026-08-24 08:10:42 [INFO] ✅ پشتیبان‌گیری و بازبینی دسترسی فعال شد
2026-08-24 08:10:42 [SUCCESS] ✅ Socket.io با موفقیت راه‌اندازی شد
2026-08-24 08:10:42 [SUCCESS] ✅ سرور روی پورت 3000 در حال اجراست
2026-08-24 08:10:42 [INFO] 📍 آدرس محلی: http://localhost:3000
2026-08-24 08:10:42 [INFO] 📍 آدرس شبکه: http://192.168.10.17:3000
2026-08-24 08:25:36 [SUCCESS] ✅ متصل به MongoDB
2026-08-24 08:25:37 [INFO] ✅ 150 مجوز با موفقیت ایجاد/به‌روزرسانی شدند
2026-08-24 08:25:37 [INFO] ✅ مقادیر Enum ایجاد شدند
2026-08-24 08:25:37 [INFO] ✅ آیتم‌های منو ایجاد شدند
2026-08-24 08:25:37 [INFO] ✅ تنظیمات سیستم ایجاد شدند
2026-08-24 08:25:37 [SUCCESS] ✅ Redis با موفقیت متصل شد
2026-08-24 08:25:37 [SUCCESS] ✅ کش Redis با موفقیت تست شد
2026-08-24 08:25:37 [INFO] ✅ پشتیبان‌گیری و بازبینی دسترسی فعال شد
2026-08-24 08:25:37 [SUCCESS] ✅ Socket.io با موفقیت راه‌اندازی شد
2026-08-24 08:25:37 [SUCCESS] ✅ سرور روی پورت 3000 در حال اجراست
2026-08-24 08:25:37 [INFO] 📍 آدرس محلی: http://localhost:3000
2026-08-24 08:25:37 [INFO] 📍 آدرس شبکه: http://192.168.10.17:3000
2026-08-24 08:25:44 [INFO] 🔴 دریافت سیگنال خاموش شدن...
2026-08-24 08:25:57 [SUCCESS] ✅ متصل به MongoDB
2026-08-24 08:25:57 [INFO] ✅ 150 مجوز با موفقیت ایجاد/به‌روزرسانی شدند
2026-08-24 08:25:57 [INFO] ✅ مقادیر Enum ایجاد شدند
2026-08-24 08:25:58 [INFO] ✅ آیتم‌های منو ایجاد شدند
2026-08-24 08:25:58 [INFO] ✅ تنظیمات سیستم ایجاد شدند
2026-08-24 08:25:58 [SUCCESS] ✅ Redis با موفقیت متصل شد
2026-08-24 08:25:58 [SUCCESS] ✅ کش Redis با موفقیت تست شد
2026-08-24 08:25:58 [INFO] ✅ پشتیبان‌گیری و بازبینی دسترسی فعال شد
2026-08-24 08:25:58 [SUCCESS] ✅ Socket.io با موفقیت راه‌اندازی شد
2026-08-24 08:25:58 [SUCCESS] ✅ سرور روی پورت 3000 در حال اجراست
2026-08-24 08:25:58 [INFO] 📍 آدرس محلی: http://localhost:3000
2026-08-24 08:25:58 [INFO] 📍 آدرس شبکه: http://192.168.10.17:3000
2026-08-24 08:29:21 [SUCCESS] ✅ متصل به MongoDB
2026-08-24 08:29:22 [INFO] ✅ 150 مجوز با موفقیت ایجاد/به‌روزرسانی شدند
2026-08-24 08:29:22 [INFO] ✅ مقادیر Enum ایجاد شدند
2026-08-24 08:29:22 [INFO] ✅ آیتم‌های منو ایجاد شدند
2026-08-24 08:29:22 [INFO] ✅ تنظیمات سیستم ایجاد شدند
2026-08-24 08:29:22 [SUCCESS] ✅ Redis با موفقیت متصل شد
2026-08-24 08:29:22 [SUCCESS] ✅ کش Redis با موفقیت تست شد
2026-08-24 08:29:22 [INFO] ✅ پشتیبان‌گیری و بازبینی دسترسی فعال شد
2026-08-24 08:29:22 [SUCCESS] ✅ Socket.io با موفقیت راه‌اندازی شد
2026-08-24 08:29:22 [SUCCESS] ✅ سرور روی پورت 3000 در حال اجراست
2026-08-24 08:29:22 [INFO] 📍 آدرس محلی: http://localhost:3000
2026-08-24 08:29:22 [INFO] 📍 آدرس شبکه: http://192.168.10.17:3000
2026-08-24 08:32:13 [SUCCESS] ✅ متصل به MongoDB
2026-08-24 08:32:14 [INFO] ✅ 150 مجوز با موفقیت ایجاد/به‌روزرسانی شدند
2026-08-24 08:32:14 [INFO] ✅ مقادیر Enum ایجاد شدند
2026-08-24 08:32:14 [INFO] ✅ آیتم‌های منو ایجاد شدند
2026-08-24 08:32:14 [INFO] ✅ تنظیمات سیستم ایجاد شدند
2026-08-24 08:32:14 [SUCCESS] ✅ Redis با موفقیت متصل شد
2026-08-24 08:32:14 [SUCCESS] ✅ کش Redis با موفقیت تست شد
2026-08-24 08:32:14 [INFO] ✅ پشتیبان‌گیری و بازبینی دسترسی فعال شد
2026-08-24 08:32:14 [SUCCESS] ✅ Socket.io با موفقیت راه‌اندازی شد
2026-08-24 08:32:14 [SUCCESS] ✅ سرور روی پورت 3000 در حال اجراست
2026-08-24 08:32:14 [INFO] 📍 آدرس محلی: http://localhost:3000
2026-08-24 08:32:14 [INFO] 📍 آدرس شبکه: http://192.168.10.17:3000
2026-08-24 08:32:58 [INFO] 🔴 دریافت سیگنال خاموش شدن...
2026-08-24 08:33:08 [SUCCESS] ✅ متصل به MongoDB
2026-08-24 08:33:09 [INFO] ✅ 150 مجوز با موفقیت ایجاد/به‌روزرسانی شدند
2026-08-24 08:33:09 [INFO] ✅ مقادیر Enum ایجاد شدند
2026-08-24 08:33:10 [INFO] ✅ آیتم‌های منو ایجاد شدند
2026-08-24 08:33:10 [INFO] ✅ تنظیمات سیستم ایجاد شدند
2026-08-24 08:33:10 [SUCCESS] ✅ Redis با موفقیت متصل شد
2026-08-24 08:33:10 [SUCCESS] ✅ کش Redis با موفقیت تست شد
2026-08-24 08:33:10 [INFO] ✅ پشتیبان‌گیری و بازبینی دسترسی فعال شد
2026-08-24 08:33:10 [SUCCESS] ✅ Socket.io با موفقیت راه‌اندازی شد
2026-08-24 08:33:10 [SUCCESS] ✅ سرور روی پورت 3000 در حال اجراست
2026-08-24 08:33:10 [INFO] 📍 آدرس محلی: http://localhost:3000
2026-08-24 08:33:10 [INFO] 📍 آدرس شبکه: http://192.168.10.17:3000
2026-08-24 08:40:34 [SUCCESS] ✅ متصل به MongoDB
2026-08-24 08:40:34 [INFO] ✅ 150 مجوز با موفقیت ایجاد/به‌روزرسانی شدند
2026-08-24 08:40:35 [INFO] ✅ مقادیر Enum ایجاد شدند
2026-08-24 08:40:35 [INFO] ✅ آیتم‌های منو ایجاد شدند
2026-08-24 08:40:35 [INFO] ✅ تنظیمات سیستم ایجاد شدند
2026-08-24 08:40:35 [SUCCESS] ✅ Redis با موفقیت متصل شد
2026-08-24 08:40:35 [SUCCESS] ✅ کش Redis با موفقیت تست شد
2026-08-24 08:40:35 [INFO] ✅ پشتیبان‌گیری و بازبینی دسترسی فعال شد
2026-08-24 08:40:35 [SUCCESS] ✅ Socket.io با موفقیت راه‌اندازی شد
2026-08-24 08:40:35 [SUCCESS] ✅ سرور روی پورت 3000 در حال اجراست
2026-08-24 08:40:35 [INFO] 📍 آدرس محلی: http://localhost:3000
2026-08-24 08:40:35 [INFO] 📍 آدرس شبکه: http://192.168.10.17:3000
2026-08-24 08:42:41 [SUCCESS] ✅ متصل به MongoDB
2026-08-24 08:42:42 [INFO] ✅ 150 مجوز با موفقیت ایجاد/به‌روزرسانی شدند
2026-08-24 08:42:42 [INFO] ✅ مقادیر Enum ایجاد شدند
2026-08-24 08:42:42 [INFO] ✅ آیتم‌های منو ایجاد شدند
2026-08-24 08:42:42 [INFO] ✅ تنظیمات سیستم ایجاد شدند
2026-08-24 08:42:42 [SUCCESS] ✅ Redis با موفقیت متصل شد
2026-08-24 08:42:42 [SUCCESS] ✅ کش Redis با موفقیت تست شد
2026-08-24 08:42:42 [INFO] ✅ پشتیبان‌گیری و بازبینی دسترسی فعال شد
2026-08-24 08:42:42 [SUCCESS] ✅ Socket.io با موفقیت راه‌اندازی شد
2026-08-24 08:42:42 [SUCCESS] ✅ سرور روی پورت 3000 در حال اجراست
2026-08-24 08:42:42 [INFO] 📍 آدرس محلی: http://localhost:3000
2026-08-24 08:42:42 [INFO] 📍 آدرس شبکه: http://192.168.10.17:3000
2026-08-24 08:44:28 [SUCCESS] ✅ متصل به MongoDB
2026-08-24 08:44:29 [INFO] ✅ 150 مجوز با موفقیت ایجاد/به‌روزرسانی شدند
2026-08-24 08:44:29 [INFO] ✅ مقادیر Enum ایجاد شدند
2026-08-24 08:44:29 [INFO] ✅ آیتم‌های منو ایجاد شدند
2026-08-24 08:44:29 [INFO] ✅ تنظیمات سیستم ایجاد شدند
2026-08-24 08:44:29 [SUCCESS] ✅ Redis با موفقیت متصل شد
2026-08-24 08:44:29 [SUCCESS] ✅ کش Redis با موفقیت تست شد
2026-08-24 08:44:29 [INFO] ✅ پشتیبان‌گیری و بازبینی دسترسی فعال شد
2026-08-24 08:44:29 [SUCCESS] ✅ Socket.io با موفقیت راه‌اندازی شد
2026-08-24 08:44:29 [SUCCESS] ✅ سرور روی پورت 3000 در حال اجراست
2026-08-24 08:44:29 [INFO] 📍 آدرس محلی: http://localhost:3000
2026-08-24 08:44:29 [INFO] 📍 آدرس شبکه: http://192.168.10.17:3000
2026-08-24 08:44:37 [INFO] 🔴 دریافت سیگنال خاموش شدن...
2026-08-24 08:44:47 [SUCCESS] ✅ متصل به MongoDB
2026-08-24 08:44:48 [INFO] ✅ 150 مجوز با موفقیت ایجاد/به‌روزرسانی شدند
2026-08-24 08:44:48 [INFO] ✅ مقادیر Enum ایجاد شدند
2026-08-24 08:44:48 [INFO] ✅ آیتم‌های منو ایجاد شدند
2026-08-24 08:44:48 [INFO] ✅ تنظیمات سیستم ایجاد شدند
2026-08-24 08:44:48 [SUCCESS] ✅ Redis با موفقیت متصل شد
2026-08-24 08:44:48 [SUCCESS] ✅ کش Redis با موفقیت تست شد
2026-08-24 08:44:48 [INFO] ✅ پشتیبان‌گیری و بازبینی دسترسی فعال شد
2026-08-24 08:44:48 [SUCCESS] ✅ Socket.io با موفقیت راه‌اندازی شد
2026-08-24 08:44:48 [SUCCESS] ✅ سرور روی پورت 3000 در حال اجراست
2026-08-24 08:44:48 [INFO] 📍 آدرس محلی: http://localhost:3000
2026-08-24 08:44:48 [INFO] 📍 آدرس شبکه: http://192.168.10.17:3000
2026-08-24 08:46:42 [SUCCESS] ✅ متصل به MongoDB
2026-08-24 08:46:43 [INFO] ✅ 150 مجوز با موفقیت ایجاد/به‌روزرسانی شدند
2026-08-24 08:46:43 [INFO] ✅ مقادیر Enum ایجاد شدند
2026-08-24 08:46:43 [INFO] ✅ آیتم‌های منو ایجاد شدند
2026-08-24 08:46:43 [INFO] ✅ تنظیمات سیستم ایجاد شدند
2026-08-24 08:46:43 [SUCCESS] ✅ Redis با موفقیت متصل شد
2026-08-24 08:46:43 [SUCCESS] ✅ کش Redis با موفقیت تست شد
2026-08-24 08:46:43 [INFO] ✅ پشتیبان‌گیری و بازبینی دسترسی فعال شد
2026-08-24 08:46:43 [SUCCESS] ✅ Socket.io با موفقیت راه‌اندازی شد
2026-08-24 08:46:43 [SUCCESS] ✅ سرور روی پورت 3000 در حال اجراست
2026-08-24 08:46:43 [INFO] 📍 آدرس محلی: http://localhost:3000
2026-08-24 08:46:43 [INFO] 📍 آدرس شبکه: http://192.168.10.17:3000
2026-08-24 08:46:51 [INFO] 🔴 دریافت سیگنال خاموش شدن...
2026-08-24 08:47:01 [SUCCESS] ✅ متصل به MongoDB
2026-08-24 08:47:02 [INFO] ✅ 150 مجوز با موفقیت ایجاد/به‌روزرسانی شدند
2026-08-24 08:47:02 [INFO] ✅ مقادیر Enum ایجاد شدند
2026-08-24 08:47:02 [INFO] ✅ آیتم‌های منو ایجاد شدند
2026-08-24 08:47:02 [INFO] ✅ تنظیمات سیستم ایجاد شدند
2026-08-24 08:47:02 [SUCCESS] ✅ Redis با موفقیت متصل شد
2026-08-24 08:47:02 [SUCCESS] ✅ کش Redis با موفقیت تست شد
2026-08-24 08:47:02 [INFO] ✅ پشتیبان‌گیری و بازبینی دسترسی فعال شد
2026-08-24 08:47:02 [SUCCESS] ✅ Socket.io با موفقیت راه‌اندازی شد
2026-08-24 08:47:02 [SUCCESS] ✅ سرور روی پورت 3000 در حال اجراست
2026-08-24 08:47:02 [INFO] 📍 آدرس محلی: http://localhost:3000
2026-08-24 08:47:02 [INFO] 📍 آدرس شبکه: http://192.168.10.17:3000
2026-08-24 08:48:59 [SUCCESS] ✅ متصل به MongoDB
2026-08-24 08:48:59 [INFO] ✅ 150 مجوز با موفقیت ایجاد/به‌روزرسانی شدند
2026-08-24 08:48:59 [INFO] ✅ مقادیر Enum ایجاد شدند
2026-08-24 08:49:00 [INFO] ✅ آیتم‌های منو ایجاد شدند
2026-08-24 08:49:00 [INFO] ✅ تنظیمات سیستم ایجاد شدند
2026-08-24 08:49:00 [SUCCESS] ✅ Redis با موفقیت متصل شد
2026-08-24 08:49:00 [SUCCESS] ✅ کش Redis با موفقیت تست شد
2026-08-24 08:49:00 [INFO] ✅ پشتیبان‌گیری و بازبینی دسترسی فعال شد
2026-08-24 08:49:00 [SUCCESS] ✅ Socket.io با موفقیت راه‌اندازی شد
2026-08-24 08:49:00 [SUCCESS] ✅ سرور روی پورت 3000 در حال اجراست
2026-08-24 08:49:00 [INFO] 📍 آدرس محلی: http://localhost:3000
2026-08-24 08:49:00 [INFO] 📍 آدرس شبکه: http://192.168.10.17:3000
2026-08-24 08:49:43 [INFO] 🔴 دریافت سیگنال خاموش شدن...
2026-08-24 08:49:56 [SUCCESS] ✅ متصل به MongoDB
2026-08-24 08:49:56 [INFO] ✅ 150 مجوز با موفقیت ایجاد/به‌روزرسانی شدند
2026-08-24 08:49:57 [INFO] ✅ مقادیر Enum ایجاد شدند
2026-08-24 08:49:57 [INFO] ✅ آیتم‌های منو ایجاد شدند
2026-08-24 08:49:57 [INFO] ✅ تنظیمات سیستم ایجاد شدند
2026-08-24 08:49:57 [SUCCESS] ✅ Redis با موفقیت متصل شد
2026-08-24 08:49:57 [SUCCESS] ✅ کش Redis با موفقیت تست شد
2026-08-24 08:49:57 [INFO] ✅ پشتیبان‌گیری و بازبینی دسترسی فعال شد
2026-08-24 08:49:57 [SUCCESS] ✅ Socket.io با موفقیت راه‌اندازی شد
2026-08-24 08:49:57 [SUCCESS] ✅ سرور روی پورت 3000 در حال اجراست
2026-08-24 08:49:57 [INFO] 📍 آدرس محلی: http://localhost:3000
2026-08-24 08:49:57 [INFO] 📍 آدرس شبکه: http://192.168.10.17:3000
2026-08-24 08:53:34 [SUCCESS] ✅ متصل به MongoDB
2026-08-24 08:53:34 [INFO] ✅ 150 مجوز با موفقیت ایجاد/به‌روزرسانی شدند
2026-08-24 08:53:34 [INFO] ✅ مقادیر Enum ایجاد شدند
2026-08-24 08:53:35 [INFO] ✅ آیتم‌های منو ایجاد شدند
2026-08-24 08:53:35 [INFO] ✅ تنظیمات سیستم ایجاد شدند
2026-08-24 08:53:35 [SUCCESS] ✅ Redis با موفقیت متصل شد
2026-08-24 08:53:35 [SUCCESS] ✅ کش Redis با موفقیت تست شد
2026-08-24 08:53:35 [INFO] ✅ پشتیبان‌گیری و بازبینی دسترسی فعال شد
2026-08-24 08:53:35 [SUCCESS] ✅ Socket.io با موفقیت راه‌اندازی شد
2026-08-24 08:53:35 [SUCCESS] ✅ سرور روی پورت 3000 در حال اجراست
2026-08-24 08:53:35 [INFO] 📍 آدرس محلی: http://localhost:3000
2026-08-24 08:53:35 [INFO] 📍 آدرس شبکه: http://192.168.10.17:3000
2026-08-24 08:54:13 [SUCCESS] ✅ متصل به MongoDB
2026-08-24 08:54:14 [INFO] ✅ 150 مجوز با موفقیت ایجاد/به‌روزرسانی شدند
2026-08-24 08:54:14 [INFO] ✅ مقادیر Enum ایجاد شدند
2026-08-24 08:54:14 [INFO] ✅ آیتم‌های منو ایجاد شدند
2026-08-24 08:54:14 [INFO] ✅ تنظیمات سیستم ایجاد شدند
2026-08-24 08:54:14 [SUCCESS] ✅ Redis با موفقیت متصل شد
2026-08-24 08:54:14 [SUCCESS] ✅ کش Redis با موفقیت تست شد
2026-08-24 08:54:14 [INFO] ✅ پشتیبان‌گیری و بازبینی دسترسی فعال شد
2026-08-24 08:54:14 [SUCCESS] ✅ Socket.io با موفقیت راه‌اندازی شد
2026-08-24 08:54:14 [SUCCESS] ✅ سرور روی پورت 3000 در حال اجراست
2026-08-24 08:54:14 [INFO] 📍 آدرس محلی: http://localhost:3000
2026-08-24 08:54:14 [INFO] 📍 آدرس شبکه: http://192.168.10.17:3000
2026-08-24 08:54:35 [INFO] 🔴 دریافت سیگنال خاموش شدن...
2026-08-24 08:54:45 [SUCCESS] ✅ متصل به MongoDB
2026-08-24 08:54:46 [INFO] ✅ 150 مجوز با موفقیت ایجاد/به‌روزرسانی شدند
2026-08-24 08:54:47 [INFO] ✅ مقادیر Enum ایجاد شدند
2026-08-24 08:54:47 [INFO] ✅ آیتم‌های منو ایجاد شدند
2026-08-24 08:54:47 [INFO] ✅ تنظیمات سیستم ایجاد شدند
2026-08-24 08:54:47 [SUCCESS] ✅ Redis با موفقیت متصل شد
2026-08-24 08:54:47 [SUCCESS] ✅ کش Redis با موفقیت تست شد
2026-08-24 08:54:47 [INFO] ✅ پشتیبان‌گیری و بازبینی دسترسی فعال شد
2026-08-24 08:54:47 [SUCCESS] ✅ Socket.io با موفقیت راه‌اندازی شد
2026-08-24 08:54:47 [SUCCESS] ✅ سرور روی پورت 3000 در حال اجراست
2026-08-24 08:54:47 [INFO] 📍 آدرس محلی: http://localhost:3000
2026-08-24 08:54:47 [INFO] 📍 آدرس شبکه: http://192.168.10.17:3000
2026-08-24 08:55:21 [SUCCESS] ✅ متصل به MongoDB
2026-08-24 08:55:21 [INFO] ✅ 150 مجوز با موفقیت ایجاد/به‌روزرسانی شدند
2026-08-24 08:55:21 [INFO] ✅ مقادیر Enum ایجاد شدند
2026-08-24 08:55:22 [INFO] ✅ آیتم‌های منو ایجاد شدند
2026-08-24 08:55:22 [INFO] ✅ تنظیمات سیستم ایجاد شدند
2026-08-24 08:55:22 [SUCCESS] ✅ Redis با موفقیت متصل شد
2026-08-24 08:55:22 [SUCCESS] ✅ کش Redis با موفقیت تست شد
2026-08-24 08:55:22 [INFO] ✅ پشتیبان‌گیری و بازبینی دسترسی فعال شد
2026-08-24 08:55:22 [SUCCESS] ✅ Socket.io با موفقیت راه‌اندازی شد
2026-08-24 08:55:22 [SUCCESS] ✅ سرور روی پورت 3000 در حال اجراست
2026-08-24 08:55:22 [INFO] 📍 آدرس محلی: http://localhost:3000
2026-08-24 08:55:22 [INFO] 📍 آدرس شبکه: http://192.168.10.17:3000
2026-08-24 08:55:54 [SUCCESS] ✅ متصل به MongoDB
2026-08-24 08:55:55 [INFO] ✅ 150 مجوز با موفقیت ایجاد/به‌روزرسانی شدند
2026-08-24 08:55:55 [INFO] ✅ مقادیر Enum ایجاد شدند
2026-08-24 08:55:55 [INFO] ✅ آیتم‌های منو ایجاد شدند
2026-08-24 08:55:55 [INFO] ✅ تنظیمات سیستم ایجاد شدند
2026-08-24 08:55:55 [SUCCESS] ✅ Redis با موفقیت متصل شد
2026-08-24 08:55:55 [SUCCESS] ✅ کش Redis با موفقیت تست شد
2026-08-24 08:55:55 [INFO] ✅ پشتیبان‌گیری و بازبینی دسترسی فعال شد
2026-08-24 08:55:55 [SUCCESS] ✅ Socket.io با موفقیت راه‌اندازی شد
2026-08-24 08:55:55 [SUCCESS] ✅ سرور روی پورت 3000 در حال اجراست
2026-08-24 08:55:55 [INFO] 📍 آدرس محلی: http://localhost:3000
2026-08-24 08:55:55 [INFO] 📍 آدرس شبکه: http://192.168.10.17:3000
2026-08-24 09:25:52 [INFO] 🔴 دریافت سیگنال خاموش شدن...
2026-08-24 09:26:01 [SUCCESS] ✅ متصل به MongoDB
2026-08-24 09:26:02 [INFO] ✅ 150 مجوز با موفقیت ایجاد/به‌روزرسانی شدند
2026-08-24 09:26:02 [INFO] ✅ مقادیر Enum ایجاد شدند
2026-08-24 09:26:02 [INFO] ✅ آیتم‌های منو ایجاد شدند
2026-08-24 09:26:02 [INFO] ✅ تنظیمات سیستم ایجاد شدند
2026-08-24 09:26:02 [SUCCESS] ✅ Redis با موفقیت متصل شد
2026-08-24 09:26:02 [SUCCESS] ✅ کش Redis با موفقیت تست شد
2026-08-24 09:26:02 [INFO] ✅ پشتیبان‌گیری و بازبینی دسترسی فعال شد
2026-08-24 09:26:02 [SUCCESS] ✅ Socket.io با موفقیت راه‌اندازی شد
2026-08-24 09:26:02 [SUCCESS] ✅ سرور روی پورت 3000 در حال اجراست
2026-08-24 09:26:02 [INFO] 📍 آدرس محلی: http://localhost:3000
2026-08-24 09:26:02 [INFO] 📍 آدرس شبکه: http://192.168.10.17:3000
2026-08-24 09:30:43 [SUCCESS] ✅ متصل به MongoDB
2026-08-24 09:30:43 [INFO] ✅ 150 مجوز با موفقیت ایجاد/به‌روزرسانی شدند
2026-08-24 09:30:44 [INFO] ✅ مقادیر Enum ایجاد شدند
2026-08-24 09:30:44 [INFO] ✅ آیتم‌های منو ایجاد شدند
2026-08-24 09:30:44 [INFO] ✅ تنظیمات سیستم ایجاد شدند
2026-08-24 09:30:44 [SUCCESS] ✅ Redis با موفقیت متصل شد
2026-08-24 09:30:44 [SUCCESS] ✅ کش Redis با موفقیت تست شد
2026-08-24 09:30:44 [INFO] ✅ پشتیبان‌گیری و بازبینی دسترسی فعال شد
2026-08-24 09:30:44 [SUCCESS] ✅ Socket.io با موفقیت راه‌اندازی شد
2026-08-24 09:30:44 [SUCCESS] ✅ سرور روی پورت 3000 در حال اجراست
2026-08-24 09:30:44 [INFO] 📍 آدرس محلی: http://localhost:3000
2026-08-24 09:30:44 [INFO] 📍 آدرس شبکه: http://192.168.10.17:3000
2026-08-24 09:30:53 [INFO] 🔴 دریافت سیگنال خاموش شدن...
2026-08-24 09:31:02 [SUCCESS] ✅ متصل به MongoDB
2026-08-24 09:31:03 [INFO] ✅ 150 مجوز با موفقیت ایجاد/به‌روزرسانی شدند
2026-08-24 09:31:03 [INFO] ✅ مقادیر Enum ایجاد شدند
2026-08-24 09:31:03 [INFO] ✅ آیتم‌های منو ایجاد شدند
2026-08-24 09:31:03 [INFO] ✅ تنظیمات سیستم ایجاد شدند
2026-08-24 09:31:03 [SUCCESS] ✅ Redis با موفقیت متصل شد
2026-08-24 09:31:03 [SUCCESS] ✅ کش Redis با موفقیت تست شد
2026-08-24 09:31:03 [INFO] ✅ پشتیبان‌گیری و بازبینی دسترسی فعال شد
2026-08-24 09:31:03 [SUCCESS] ✅ Socket.io با موفقیت راه‌اندازی شد
2026-08-24 09:31:03 [SUCCESS] ✅ سرور روی پورت 3000 در حال اجراست
2026-08-24 09:31:03 [INFO] 📍 آدرس محلی: http://localhost:3000
2026-08-24 09:31:03 [INFO] 📍 آدرس شبکه: http://192.168.10.17:3000
2026-08-24 09:32:19 [INFO] 🔴 دریافت سیگنال خاموش شدن...
2026-08-24 09:32:30 [SUCCESS] ✅ متصل به MongoDB
2026-08-24 09:32:30 [INFO] ✅ 150 مجوز با موفقیت ایجاد/به‌روزرسانی شدند
2026-08-24 09:32:30 [INFO] ✅ مقادیر Enum ایجاد شدند
2026-08-24 09:32:31 [INFO] ✅ آیتم‌های منو ایجاد شدند
2026-08-24 09:32:31 [INFO] ✅ تنظیمات سیستم ایجاد شدند
2026-08-24 09:32:31 [SUCCESS] ✅ Redis با موفقیت متصل شد
2026-08-24 09:32:31 [SUCCESS] ✅ کش Redis با موفقیت تست شد
2026-08-24 09:32:31 [INFO] ✅ پشتیبان‌گیری و بازبینی دسترسی فعال شد
2026-08-24 09:32:31 [SUCCESS] ✅ Socket.io با موفقیت راه‌اندازی شد
2026-08-24 09:32:31 [SUCCESS] ✅ سرور روی پورت 3000 در حال اجراست
2026-08-24 09:32:31 [INFO] 📍 آدرس محلی: http://localhost:3000
2026-08-24 09:32:31 [INFO] 📍 آدرس شبکه: http://192.168.10.17:3000
2026-08-24 09:38:48 [INFO] 🔴 دریافت سیگنال خاموش شدن...
2026-08-24 09:38:58 [SUCCESS] ✅ متصل به MongoDB
2026-08-24 09:38:58 [INFO] ✅ 150 مجوز با موفقیت ایجاد/به‌روزرسانی شدند
2026-08-24 09:38:58 [INFO] ✅ مقادیر Enum ایجاد شدند
2026-08-24 09:38:59 [INFO] ✅ آیتم‌های منو ایجاد شدند
2026-08-24 09:38:59 [INFO] ✅ تنظیمات سیستم ایجاد شدند
2026-08-24 09:38:59 [SUCCESS] ✅ Redis با موفقیت متصل شد
2026-08-24 09:38:59 [SUCCESS] ✅ کش Redis با موفقیت تست شد
2026-08-24 09:38:59 [INFO] ✅ پشتیبان‌گیری و بازبینی دسترسی فعال شد
2026-08-24 09:38:59 [SUCCESS] ✅ Socket.io با موفقیت راه‌اندازی شد
2026-08-24 09:38:59 [SUCCESS] ✅ سرور روی پورت 3000 در حال اجراست
2026-08-24 09:38:59 [INFO] 📍 آدرس محلی: http://localhost:3000
2026-08-24 09:38:59 [INFO] 📍 آدرس شبکه: http://192.168.10.17:3000
2026-08-24 09:45:21 [SUCCESS] ✅ متصل به MongoDB
2026-08-24 09:45:22 [INFO] ✅ 150 مجوز با موفقیت ایجاد/به‌روزرسانی شدند
2026-08-24 09:45:22 [INFO] ✅ مقادیر Enum ایجاد شدند
2026-08-24 09:45:22 [INFO] ✅ آیتم‌های منو ایجاد شدند
2026-08-24 09:45:22 [INFO] ✅ تنظیمات سیستم ایجاد شدند
2026-08-24 09:45:22 [SUCCESS] ✅ Redis با موفقیت متصل شد
2026-08-24 09:45:22 [SUCCESS] ✅ کش Redis با موفقیت تست شد
2026-08-24 09:45:22 [INFO] ✅ پشتیبان‌گیری و بازبینی دسترسی فعال شد
2026-08-24 09:45:22 [SUCCESS] ✅ Socket.io با موفقیت راه‌اندازی شد
2026-08-24 09:45:22 [SUCCESS] ✅ سرور روی پورت 3000 در حال اجراست
2026-08-24 09:45:22 [INFO] 📍 آدرس محلی: http://localhost:3000
2026-08-24 09:45:22 [INFO] 📍 آدرس شبکه: http://192.168.10.17:3000
2026-08-24 09:53:21 [SUCCESS] ✅ متصل به MongoDB
2026-08-24 09:53:22 [INFO] ✅ 150 مجوز با موفقیت ایجاد/به‌روزرسانی شدند
2026-08-24 09:53:22 [INFO] ✅ مقادیر Enum ایجاد شدند
2026-08-24 09:53:22 [INFO] ✅ آیتم‌های منو ایجاد شدند
2026-08-24 09:53:22 [INFO] ✅ تنظیمات سیستم ایجاد شدند
2026-08-24 09:53:22 [SUCCESS] ✅ Redis با موفقیت متصل شد
2026-08-24 09:53:22 [SUCCESS] ✅ کش Redis با موفقیت تست شد
2026-08-24 09:53:22 [INFO] ✅ پشتیبان‌گیری و بازبینی دسترسی فعال شد
2026-08-24 09:53:26 [SUCCESS] ✅ متصل به MongoDB
2026-08-24 09:53:27 [INFO] ✅ 150 مجوز با موفقیت ایجاد/به‌روزرسانی شدند
2026-08-24 09:53:27 [INFO] ✅ مقادیر Enum ایجاد شدند
2026-08-24 09:53:27 [INFO] ✅ آیتم‌های منو ایجاد شدند
2026-08-24 09:53:27 [INFO] ✅ تنظیمات سیستم ایجاد شدند
2026-08-24 09:53:27 [SUCCESS] ✅ Redis با موفقیت متصل شد
2026-08-24 09:53:27 [SUCCESS] ✅ کش Redis با موفقیت تست شد
2026-08-24 09:53:27 [INFO] ✅ پشتیبان‌گیری و بازبینی دسترسی فعال شد
2026-08-24 09:53:27 [SUCCESS] ✅ Socket.io با موفقیت راه‌اندازی شد
2026-08-24 09:53:27 [SUCCESS] ✅ سرور روی پورت 3000 در حال اجراست
2026-08-24 09:53:27 [INFO] 📍 آدرس محلی: http://localhost:3000
2026-08-24 09:53:27 [INFO] 📍 آدرس شبکه: http://192.168.10.17:3000
2026-08-24 10:17:28 [SUCCESS] ✅ متصل به MongoDB
2026-08-24 10:17:28 [INFO] ✅ 150 مجوز با موفقیت ایجاد/به‌روزرسانی شدند
2026-08-24 10:17:28 [INFO] ✅ مقادیر Enum ایجاد شدند
2026-08-24 10:17:29 [INFO] ✅ آیتم‌های منو ایجاد شدند
2026-08-24 10:17:29 [INFO] ✅ تنظیمات سیستم ایجاد شدند
2026-08-24 10:17:29 [SUCCESS] ✅ Redis با موفقیت متصل شد
2026-08-24 10:17:29 [SUCCESS] ✅ کش Redis با موفقیت تست شد
2026-08-24 10:17:29 [INFO] ✅ پشتیبان‌گیری و بازبینی دسترسی فعال شد
2026-08-24 10:17:29 [SUCCESS] ✅ Socket.io با موفقیت راه‌اندازی شد
2026-08-24 10:17:29 [SUCCESS] ✅ سرور روی پورت 3000 در حال اجراست
2026-08-24 10:17:29 [INFO] 📍 آدرس محلی: http://localhost:3000
2026-08-24 10:17:29 [INFO] 📍 آدرس شبکه: http://192.168.10.17:3000
2026-08-24 10:24:38 [INFO] 🔴 دریافت سیگنال خاموش شدن...
2026-08-24 10:24:48 [SUCCESS] ✅ متصل به MongoDB
2026-08-24 10:24:48 [INFO] ✅ 150 مجوز با موفقیت ایجاد/به‌روزرسانی شدند
2026-08-24 10:24:49 [INFO] ✅ مقادیر Enum ایجاد شدند
2026-08-24 10:24:49 [INFO] ✅ آیتم‌های منو ایجاد شدند
2026-08-24 10:24:49 [INFO] ✅ تنظیمات سیستم ایجاد شدند
2026-08-24 10:24:49 [SUCCESS] ✅ Redis با موفقیت متصل شد
2026-08-24 10:24:49 [SUCCESS] ✅ کش Redis با موفقیت تست شد
2026-08-24 10:24:49 [INFO] ✅ پشتیبان‌گیری و بازبینی دسترسی فعال شد
2026-08-24 10:24:49 [SUCCESS] ✅ Socket.io با موفقیت راه‌اندازی شد
2026-08-24 10:24:49 [SUCCESS] ✅ سرور روی پورت 3000 در حال اجراست
2026-08-24 10:24:49 [INFO] 📍 آدرس محلی: http://localhost:3000
2026-08-24 10:24:49 [INFO] 📍 آدرس شبکه: http://192.168.10.17:3000
2026-08-24 10:29:20 [INFO] 🔴 دریافت سیگنال خاموش شدن...
2026-08-24 10:29:30 [SUCCESS] ✅ متصل به MongoDB
2026-08-24 10:29:31 [INFO] ✅ 150 مجوز با موفقیت ایجاد/به‌روزرسانی شدند
2026-08-24 10:29:31 [INFO] ✅ مقادیر Enum ایجاد شدند
2026-08-24 10:29:31 [INFO] ✅ آیتم‌های منو ایجاد شدند
2026-08-24 10:29:31 [INFO] ✅ تنظیمات سیستم ایجاد شدند
2026-08-24 10:29:31 [SUCCESS] ✅ Redis با موفقیت متصل شد
2026-08-24 10:29:31 [SUCCESS] ✅ کش Redis با موفقیت تست شد
2026-08-24 10:29:31 [INFO] ✅ پشتیبان‌گیری و بازبینی دسترسی فعال شد
2026-08-24 10:29:31 [SUCCESS] ✅ Socket.io با موفقیت راه‌اندازی شد
2026-08-24 10:29:31 [SUCCESS] ✅ سرور روی پورت 3000 در حال اجراست
2026-08-24 10:29:31 [INFO] 📍 آدرس محلی: http://localhost:3000
2026-08-24 10:29:31 [INFO] 📍 آدرس شبکه: http://192.168.10.17:3000
2026-08-24 13:23:04 [SUCCESS] ✅ متصل به MongoDB
2026-08-24 13:23:05 [INFO] ✅ 150 مجوز با موفقیت ایجاد/به‌روزرسانی شدند
2026-08-24 13:23:05 [INFO] ✅ مقادیر Enum ایجاد شدند
2026-08-24 13:23:05 [INFO] ✅ آیتم‌های منو ایجاد شدند
2026-08-24 13:23:05 [INFO] ✅ تنظیمات سیستم ایجاد شدند
2026-08-24 13:23:05 [SUCCESS] ✅ Redis با موفقیت متصل شد
2026-08-24 13:23:05 [SUCCESS] ✅ کش Redis با موفقیت تست شد
2026-08-24 13:23:05 [INFO] ✅ پشتیبان‌گیری و بازبینی دسترسی فعال شد
2026-08-24 13:23:05 [SUCCESS] ✅ Socket.io با موفقیت راه‌اندازی شد
2026-08-24 13:23:05 [SUCCESS] ✅ سرور روی پورت 3000 در حال اجراست
2026-08-24 13:23:05 [INFO] 📍 آدرس محلی: http://localhost:3000
2026-08-24 13:23:05 [INFO] 📍 آدرس شبکه: http://192.168.10.17:3000
2026-08-24 13:23:37 [INFO] 🔴 دریافت سیگنال خاموش شدن...
2026-08-24 13:23:55 [SUCCESS] ✅ متصل به MongoDB
2026-08-24 13:23:56 [INFO] ✅ 150 مجوز با موفقیت ایجاد/به‌روزرسانی شدند
2026-08-24 13:23:56 [INFO] ✅ مقادیر Enum ایجاد شدند
2026-08-24 13:23:56 [INFO] ✅ آیتم‌های منو ایجاد شدند
2026-08-24 13:23:56 [INFO] ✅ تنظیمات سیستم ایجاد شدند
2026-08-24 13:23:56 [SUCCESS] ✅ Redis با موفقیت متصل شد
2026-08-24 13:23:56 [SUCCESS] ✅ کش Redis با موفقیت تست شد
2026-08-24 13:23:56 [INFO] ✅ پشتیبان‌گیری و بازبینی دسترسی فعال شد
2026-08-24 13:23:56 [SUCCESS] ✅ Socket.io با موفقیت راه‌اندازی شد
2026-08-24 13:23:56 [SUCCESS] ✅ سرور روی پورت 3000 در حال اجراست
2026-08-24 13:23:56 [INFO] 📍 آدرس محلی: http://localhost:3000
2026-08-24 13:23:56 [INFO] 📍 آدرس شبکه: http://192.168.10.17:3000
2026-08-24 13:25:58 [INFO] 🔴 دریافت سیگنال خاموش شدن...
2026-08-24 13:26:08 [SUCCESS] ✅ متصل به MongoDB
2026-08-24 13:26:09 [INFO] ✅ 150 مجوز با موفقیت ایجاد/به‌روزرسانی شدند
2026-08-24 13:26:09 [INFO] ✅ مقادیر Enum ایجاد شدند
2026-08-24 13:26:09 [INFO] ✅ آیتم‌های منو ایجاد شدند
2026-08-24 13:26:09 [INFO] ✅ تنظیمات سیستم ایجاد شدند
2026-08-24 13:26:09 [SUCCESS] ✅ Redis با موفقیت متصل شد
2026-08-24 13:26:09 [SUCCESS] ✅ کش Redis با موفقیت تست شد
2026-08-24 13:26:09 [INFO] ✅ پشتیبان‌گیری و بازبینی دسترسی فعال شد
2026-08-24 13:26:09 [SUCCESS] ✅ Socket.io با موفقیت راه‌اندازی شد
2026-08-24 13:26:09 [SUCCESS] ✅ سرور روی پورت 3000 در حال اجراست
2026-08-24 13:26:09 [INFO] 📍 آدرس محلی: http://localhost:3000
2026-08-24 13:26:09 [INFO] 📍 آدرس شبکه: http://192.168.10.17:3000
2026-08-24 13:38:16 [SUCCESS] ✅ متصل به MongoDB
2026-08-24 13:38:16 [INFO] ✅ 150 مجوز با موفقیت ایجاد/به‌روزرسانی شدند
2026-08-24 13:38:17 [INFO] ✅ مقادیر Enum ایجاد شدند
2026-08-24 13:38:17 [INFO] ✅ آیتم‌های منو ایجاد شدند
2026-08-24 13:38:17 [INFO] ✅ تنظیمات سیستم ایجاد شدند
2026-08-24 13:38:17 [SUCCESS] ✅ Redis با موفقیت متصل شد
2026-08-24 13:38:17 [SUCCESS] ✅ کش Redis با موفقیت تست شد
2026-08-24 13:38:17 [INFO] ✅ پشتیبان‌گیری و بازبینی دسترسی فعال شد
2026-08-24 13:38:17 [SUCCESS] ✅ Socket.io با موفقیت راه‌اندازی شد
2026-08-24 13:38:17 [SUCCESS] ✅ سرور روی پورت 3000 در حال اجراست
2026-08-24 13:38:17 [INFO] 📍 آدرس محلی: http://localhost:3000
2026-08-24 13:38:17 [INFO] 📍 آدرس شبکه: http://192.168.10.17:3000
2026-08-24 13:46:22 [INFO] 🔴 دریافت سیگنال خاموش شدن...
2026-08-24 13:46:51 [SUCCESS] ✅ متصل به MongoDB
2026-08-24 13:46:52 [INFO] ✅ 150 مجوز با موفقیت ایجاد/به‌روزرسانی شدند
2026-08-24 13:46:52 [INFO] ✅ مقادیر Enum ایجاد شدند
2026-08-24 13:46:52 [INFO] ✅ آیتم‌های منو ایجاد شدند
2026-08-24 13:46:52 [INFO] ✅ تنظیمات سیستم ایجاد شدند
2026-08-24 13:46:52 [SUCCESS] ✅ Redis با موفقیت متصل شد
2026-08-24 13:46:52 [SUCCESS] ✅ کش Redis با موفقیت تست شد
2026-08-24 13:46:52 [INFO] ✅ پشتیبان‌گیری و بازبینی دسترسی فعال شد
2026-08-24 13:46:52 [SUCCESS] ✅ Socket.io با موفقیت راه‌اندازی شد
2026-08-24 13:46:52 [SUCCESS] ✅ سرور روی پورت 3000 در حال اجراست
2026-08-24 13:46:52 [INFO] 📍 آدرس محلی: http://localhost:3000
2026-08-24 13:46:52 [INFO] 📍 آدرس شبکه: http://192.168.10.17:3000
2026-08-24 13:57:12 [SUCCESS] ✅ متصل به MongoDB
2026-08-24 13:57:13 [INFO] ✅ 150 مجوز با موفقیت ایجاد/به‌روزرسانی شدند
2026-08-24 13:57:13 [INFO] ✅ مقادیر Enum ایجاد شدند
2026-08-24 13:57:13 [INFO] ✅ آیتم‌های منو ایجاد شدند
2026-08-24 13:57:13 [INFO] ✅ تنظیمات سیستم ایجاد شدند
2026-08-24 13:57:13 [SUCCESS] ✅ Redis با موفقیت متصل شد
2026-08-24 13:57:13 [SUCCESS] ✅ کش Redis با موفقیت تست شد
2026-08-24 13:57:13 [INFO] ✅ پشتیبان‌گیری و بازبینی دسترسی فعال شد
2026-08-24 13:57:13 [SUCCESS] ✅ Socket.io با موفقیت راه‌اندازی شد
2026-08-24 13:57:13 [SUCCESS] ✅ سرور روی پورت 3000 در حال اجراست
2026-08-24 13:57:13 [INFO] 📍 آدرس محلی: http://localhost:3000
2026-08-24 13:57:13 [INFO] 📍 آدرس شبکه: http://192.168.10.17:3000
2026-08-24 15:26:02 [SUCCESS] ✅ متصل به MongoDB
2026-08-24 15:26:03 [INFO] ✅ 150 مجوز با موفقیت ایجاد/به‌روزرسانی شدند
2026-08-24 15:26:03 [INFO] ✅ مقادیر Enum ایجاد شدند
2026-08-24 15:26:03 [INFO] ✅ آیتم‌های منو ایجاد شدند
2026-08-24 15:26:04 [INFO] ✅ تنظیمات سیستم ایجاد شدند
2026-08-24 15:26:04 [SUCCESS] ✅ Redis با موفقیت متصل شد
2026-08-24 15:26:04 [SUCCESS] ✅ کش Redis با موفقیت تست شد
2026-08-24 15:26:04 [INFO] ✅ پشتیبان‌گیری و بازبینی دسترسی فعال شد
2026-08-24 15:26:04 [SUCCESS] ✅ Socket.io با موفقیت راه‌اندازی شد
2026-08-24 15:26:04 [SUCCESS] ✅ سرور روی پورت 3000 در حال اجراست
2026-08-24 15:26:04 [INFO] 📍 آدرس محلی: http://localhost:3000
2026-08-24 15:26:04 [INFO] 📍 آدرس شبکه: http://192.168.10.17:3000
2026-08-24 15:31:36 [INFO] 🔴 دریافت سیگنال خاموش شدن...
2026-08-24 15:31:46 [SUCCESS] ✅ متصل به MongoDB
2026-08-24 15:31:47 [INFO] ✅ 150 مجوز با موفقیت ایجاد/به‌روزرسانی شدند
2026-08-24 15:31:47 [INFO] ✅ مقادیر Enum ایجاد شدند
2026-08-24 15:31:47 [INFO] ✅ آیتم‌های منو ایجاد شدند
2026-08-24 15:31:47 [INFO] ✅ تنظیمات سیستم ایجاد شدند
2026-08-24 15:31:47 [SUCCESS] ✅ Redis با موفقیت متصل شد
2026-08-24 15:31:47 [SUCCESS] ✅ کش Redis با موفقیت تست شد
2026-08-24 15:31:47 [INFO] ✅ پشتیبان‌گیری و بازبینی دسترسی فعال شد
2026-08-24 15:31:47 [SUCCESS] ✅ Socket.io با موفقیت راه‌اندازی شد
2026-08-24 15:31:47 [SUCCESS] ✅ سرور روی پورت 3000 در حال اجراست
2026-08-24 15:31:47 [INFO] 📍 آدرس محلی: http://localhost:3000
2026-08-24 15:31:47 [INFO] 📍 آدرس شبکه: http://192.168.10.17:3000
2026-08-24 15:41:24 [SUCCESS] ✅ متصل به MongoDB
2026-08-24 15:41:25 [INFO] ✅ 150 مجوز با موفقیت ایجاد/به‌روزرسانی شدند
2026-08-24 15:41:25 [INFO] ✅ مقادیر Enum ایجاد شدند
2026-08-24 15:41:25 [INFO] ✅ آیتم‌های منو ایجاد شدند
2026-08-24 15:41:25 [INFO] ✅ تنظیمات سیستم ایجاد شدند
2026-08-24 15:41:25 [SUCCESS] ✅ Redis با موفقیت متصل شد
2026-08-24 15:41:25 [SUCCESS] ✅ کش Redis با موفقیت تست شد
2026-08-24 15:41:25 [INFO] ✅ پشتیبان‌گیری و بازبینی دسترسی فعال شد
2026-08-24 15:41:25 [SUCCESS] ✅ Socket.io با موفقیت راه‌اندازی شد
2026-08-24 15:41:25 [SUCCESS] ✅ سرور روی پورت 3000 در حال اجراست
2026-08-24 15:41:25 [INFO] 📍 آدرس محلی: http://localhost:3000
2026-08-24 15:41:25 [INFO] 📍 آدرس شبکه: http://192.168.10.17:3000
2026-08-24 15:41:40 [INFO] 🔴 دریافت سیگنال خاموش شدن...
2026-08-24 15:41:49 [SUCCESS] ✅ متصل به MongoDB
2026-08-24 15:41:50 [INFO] ✅ 150 مجوز با موفقیت ایجاد/به‌روزرسانی شدند
2026-08-24 15:41:50 [INFO] ✅ مقادیر Enum ایجاد شدند
2026-08-24 15:41:50 [INFO] ✅ آیتم‌های منو ایجاد شدند
2026-08-24 15:41:50 [INFO] ✅ تنظیمات سیستم ایجاد شدند
2026-08-24 15:41:50 [SUCCESS] ✅ Redis با موفقیت متصل شد
2026-08-24 15:41:50 [SUCCESS] ✅ کش Redis با موفقیت تست شد
2026-08-24 15:41:50 [INFO] ✅ پشتیبان‌گیری و بازبینی دسترسی فعال شد
2026-08-24 15:41:50 [SUCCESS] ✅ Socket.io با موفقیت راه‌اندازی شد
2026-08-24 15:41:50 [SUCCESS] ✅ سرور روی پورت 3000 در حال اجراست
2026-08-24 15:41:50 [INFO] 📍 آدرس محلی: http://localhost:3000
2026-08-24 15:41:50 [INFO] 📍 آدرس شبکه: http://192.168.10.17:3000
2026-08-24 15:45:38 [SUCCESS] ✅ متصل به MongoDB
2026-08-24 15:45:38 [INFO] ✅ 150 مجوز با موفقیت ایجاد/به‌روزرسانی شدند
2026-08-24 15:45:38 [INFO] ✅ مقادیر Enum ایجاد شدند
2026-08-24 15:45:39 [INFO] ✅ آیتم‌های منو ایجاد شدند
2026-08-24 15:45:39 [INFO] ✅ تنظیمات سیستم ایجاد شدند
2026-08-24 15:45:39 [SUCCESS] ✅ Redis با موفقیت متصل شد
2026-08-24 15:45:39 [SUCCESS] ✅ کش Redis با موفقیت تست شد
2026-08-24 15:45:39 [INFO] ✅ پشتیبان‌گیری و بازبینی دسترسی فعال شد
2026-08-24 15:45:39 [SUCCESS] ✅ Socket.io با موفقیت راه‌اندازی شد
2026-08-24 15:45:39 [SUCCESS] ✅ سرور روی پورت 3000 در حال اجراست
2026-08-24 15:45:39 [INFO] 📍 آدرس محلی: http://localhost:3000
2026-08-24 15:45:39 [INFO] 📍 آدرس شبکه: http://192.168.10.17:3000
2026-08-24 15:47:30 [INFO] 🔴 دریافت سیگنال خاموش شدن...
2026-08-24 15:47:39 [SUCCESS] ✅ متصل به MongoDB
2026-08-24 15:47:40 [INFO] ✅ 150 مجوز با موفقیت ایجاد/به‌روزرسانی شدند
2026-08-24 15:47:40 [INFO] ✅ مقادیر Enum ایجاد شدند
2026-08-24 15:47:40 [INFO] ✅ آیتم‌های منو ایجاد شدند
2026-08-24 15:47:40 [INFO] ✅ تنظیمات سیستم ایجاد شدند
2026-08-24 15:47:40 [SUCCESS] ✅ Redis با موفقیت متصل شد
2026-08-24 15:47:40 [SUCCESS] ✅ کش Redis با موفقیت تست شد
2026-08-24 15:47:40 [INFO] ✅ پشتیبان‌گیری و بازبینی دسترسی فعال شد
2026-08-24 15:47:40 [SUCCESS] ✅ Socket.io با موفقیت راه‌اندازی شد
2026-08-24 15:47:40 [SUCCESS] ✅ سرور روی پورت 3000 در حال اجراست
2026-08-24 15:47:40 [INFO] 📍 آدرس محلی: http://localhost:3000
2026-08-24 15:47:40 [INFO] 📍 آدرس شبکه: http://192.168.10.17:3000
2026-08-24 15:55:06 [INFO] 🔴 دریافت سیگنال خاموش شدن...
2026-08-24 15:55:15 [SUCCESS] ✅ متصل به MongoDB
2026-08-24 15:55:16 [INFO] ✅ 150 مجوز با موفقیت ایجاد/به‌روزرسانی شدند
2026-08-24 15:55:16 [INFO] ✅ مقادیر Enum ایجاد شدند
2026-08-24 15:55:16 [INFO] ✅ آیتم‌های منو ایجاد شدند
2026-08-24 15:55:16 [INFO] ✅ تنظیمات سیستم ایجاد شدند
2026-08-24 15:55:16 [SUCCESS] ✅ Redis با موفقیت متصل شد
2026-08-24 15:55:16 [SUCCESS] ✅ کش Redis با موفقیت تست شد
2026-08-24 15:55:16 [INFO] ✅ پشتیبان‌گیری و بازبینی دسترسی فعال شد
2026-08-24 15:55:16 [SUCCESS] ✅ Socket.io با موفقیت راه‌اندازی شد
2026-08-24 15:55:16 [SUCCESS] ✅ سرور روی پورت 3000 در حال اجراست
2026-08-24 15:55:16 [INFO] 📍 آدرس محلی: http://localhost:3000
2026-08-24 15:55:16 [INFO] 📍 آدرس شبکه: http://192.168.10.17:3000
2026-08-24 15:59:11 [INFO] 🔴 دریافت سیگنال خاموش شدن...
2026-08-24 15:59:21 [SUCCESS] ✅ متصل به MongoDB
2026-08-24 15:59:21 [INFO] ✅ 150 مجوز با موفقیت ایجاد/به‌روزرسانی شدند
2026-08-24 15:59:22 [INFO] ✅ مقادیر Enum ایجاد شدند
2026-08-24 15:59:22 [INFO] ✅ آیتم‌های منو ایجاد شدند
2026-08-24 15:59:22 [INFO] ✅ تنظیمات سیستم ایجاد شدند
2026-08-24 15:59:22 [SUCCESS] ✅ Redis با موفقیت متصل شد
2026-08-24 15:59:22 [SUCCESS] ✅ کش Redis با موفقیت تست شد
2026-08-24 15:59:22 [INFO] ✅ پشتیبان‌گیری و بازبینی دسترسی فعال شد
2026-08-24 15:59:22 [SUCCESS] ✅ Socket.io با موفقیت راه‌اندازی شد
2026-08-24 15:59:22 [SUCCESS] ✅ سرور روی پورت 3000 در حال اجراست
2026-08-24 15:59:22 [INFO] 📍 آدرس محلی: http://localhost:3000
2026-08-24 15:59:22 [INFO] 📍 آدرس شبکه: http://192.168.10.17:3000
2026-08-24 16:36:41 [SUCCESS] ✅ متصل به MongoDB
2026-08-24 16:36:42 [INFO] ✅ 150 مجوز با موفقیت ایجاد/به‌روزرسانی شدند
2026-08-24 16:36:42 [INFO] ✅ مقادیر Enum ایجاد شدند
2026-08-24 16:36:42 [INFO] ✅ آیتم‌های منو ایجاد شدند
2026-08-24 16:36:42 [INFO] ✅ تنظیمات سیستم ایجاد شدند
2026-08-24 16:36:42 [SUCCESS] ✅ Redis با موفقیت متصل شد
2026-08-24 16:36:42 [SUCCESS] ✅ کش Redis با موفقیت تست شد
2026-08-24 16:36:42 [INFO] ✅ پشتیبان‌گیری و بازبینی دسترسی فعال شد
2026-08-24 16:36:42 [SUCCESS] ✅ Socket.io با موفقیت راه‌اندازی شد
2026-08-24 16:36:42 [SUCCESS] ✅ سرور روی پورت 3000 در حال اجراست
2026-08-24 16:36:42 [INFO] 📍 آدرس محلی: http://localhost:3000
2026-08-24 16:36:42 [INFO] 📍 آدرس شبکه: http://192.168.10.17:3000
