2026-08-23 05:52:21 [SUCCESS] ✅ متصل به MongoDB
2026-08-23 05:52:21 [INFO] ✅ 96 مجوز با موفقیت ایجاد/به‌روزرسانی شدند
2026-08-23 05:52:21 [INFO] ✅ مقادیر Enum ایجاد شدند
2026-08-23 05:52:21 [INFO] ✅ آیتم‌های منو ایجاد شدند
2026-08-23 05:52:22 [INFO] ✅ تنظیمات سیستم ایجاد شدند
2026-08-23 05:52:22 [SUCCESS] ✅ Redis با موفقیت متصل شد
2026-08-23 05:52:22 [SUCCESS] ✅ کش Redis با موفقیت تست شد
2026-08-23 05:52:22 [INFO] ✅ پشتیبان‌گیری و بازبینی دسترسی فعال شد
2026-08-23 05:52:22 [SUCCESS] ✅ Socket.io با موفقیت راه‌اندازی شد
2026-08-23 05:52:22 [SUCCESS] ✅ سرور روی پورت 3000 در حال اجراست
2026-08-23 05:52:22 [INFO] 📍 آدرس محلی: http://localhost:3000
2026-08-23 05:52:22 [INFO] 📍 آدرس شبکه: http://192.168.10.17:3000
2026-08-23 05:55:02 [SUCCESS] ✅ متصل به MongoDB
2026-08-23 05:55:03 [INFO] ✅ 96 مجوز با موفقیت ایجاد/به‌روزرسانی شدند
2026-08-23 05:55:03 [INFO] ✅ مقادیر Enum ایجاد شدند
2026-08-23 05:55:03 [INFO] ✅ آیتم‌های منو ایجاد شدند
2026-08-23 05:55:03 [INFO] ✅ تنظیمات سیستم ایجاد شدند
2026-08-23 05:55:03 [SUCCESS] ✅ Redis با موفقیت متصل شد
2026-08-23 05:55:03 [SUCCESS] ✅ کش Redis با موفقیت تست شد
2026-08-23 05:55:03 [INFO] ✅ پشتیبان‌گیری و بازبینی دسترسی فعال شد
2026-08-23 05:55:03 [SUCCESS] ✅ Socket.io با موفقیت راه‌اندازی شد
2026-08-23 05:55:03 [SUCCESS] ✅ سرور روی پورت 3000 در حال اجراست
2026-08-23 05:55:03 [INFO] 📍 آدرس محلی: http://localhost:3000
2026-08-23 05:55:03 [INFO] 📍 آدرس شبکه: http://192.168.10.17:3000
2026-08-23 05:57:04 [SUCCESS] ✅ متصل به MongoDB
2026-08-23 05:57:05 [INFO] ✅ 96 مجوز با موفقیت ایجاد/به‌روزرسانی شدند
2026-08-23 05:57:05 [INFO] ✅ مقادیر Enum ایجاد شدند
2026-08-23 05:57:05 [INFO] ✅ آیتم‌های منو ایجاد شدند
2026-08-23 05:57:05 [INFO] ✅ تنظیمات سیستم ایجاد شدند
2026-08-23 05:57:05 [SUCCESS] ✅ Redis با موفقیت متصل شد
2026-08-23 05:57:05 [SUCCESS] ✅ کش Redis با موفقیت تست شد
2026-08-23 05:57:05 [INFO] ✅ پشتیبان‌گیری و بازبینی دسترسی فعال شد
2026-08-23 05:57:05 [SUCCESS] ✅ Socket.io با موفقیت راه‌اندازی شد
2026-08-23 05:57:05 [SUCCESS] ✅ سرور روی پورت 3000 در حال اجراست
2026-08-23 05:57:05 [INFO] 📍 آدرس محلی: http://localhost:3000
2026-08-23 05:57:05 [INFO] 📍 آدرس شبکه: http://192.168.10.17:3000
2026-08-23 05:57:10 [INFO] 🔴 دریافت سیگنال خاموش شدن...
2026-08-23 05:57:22 [SUCCESS] ✅ متصل به MongoDB
2026-08-23 05:57:22 [INFO] ✅ 96 مجوز با موفقیت ایجاد/به‌روزرسانی شدند
2026-08-23 05:57:23 [INFO] ✅ مقادیر Enum ایجاد شدند
2026-08-23 05:57:23 [INFO] ✅ آیتم‌های منو ایجاد شدند
2026-08-23 05:57:23 [INFO] ✅ تنظیمات سیستم ایجاد شدند
2026-08-23 05:57:23 [SUCCESS] ✅ Redis با موفقیت متصل شد
2026-08-23 05:57:23 [SUCCESS] ✅ کش Redis با موفقیت تست شد
2026-08-23 05:57:23 [INFO] ✅ پشتیبان‌گیری و بازبینی دسترسی فعال شد
2026-08-23 05:57:23 [SUCCESS] ✅ Socket.io با موفقیت راه‌اندازی شد
2026-08-23 05:57:23 [SUCCESS] ✅ سرور روی پورت 3000 در حال اجراست
2026-08-23 05:57:23 [INFO] 📍 آدرس محلی: http://localhost:3000
2026-08-23 05:57:23 [INFO] 📍 آدرس شبکه: http://192.168.10.17:3000
2026-08-23 06:02:30 [SUCCESS] ✅ متصل به MongoDB
2026-08-23 06:02:30 [INFO] 📊 ایندکس letters: موجود
2026-08-23 06:02:31 [INFO] 📊 ایندکس hardware: موجود
2026-08-23 06:02:31 [INFO] 📊 ایندکس documents: موجود
2026-08-23 06:02:31 [INFO] 📊 ایندکس credentials: موجود
2026-08-23 06:02:31 [INFO] 📊 ایندکس users: موجود
2026-08-23 06:02:31 [INFO] 🗑️ ایندکس letters حذف شد
2026-08-23 06:02:32 [SUCCESS] ✅ ایندکس letters با موفقیت بازسازی شد
2026-08-23 06:02:32 [INFO] 🗑️ ایندکس hardware حذف شد
2026-08-23 06:02:33 [SUCCESS] ✅ ایندکس hardware با موفقیت بازسازی شد
2026-08-23 06:02:33 [INFO] 🗑️ ایندکس documents حذف شد
2026-08-23 06:02:34 [SUCCESS] ✅ ایندکس documents با موفقیت بازسازی شد
2026-08-23 06:02:34 [INFO] 🗑️ ایندکس credentials حذف شد
2026-08-23 06:02:35 [SUCCESS] ✅ ایندکس credentials با موفقیت بازسازی شد
2026-08-23 06:02:35 [INFO] 🗑️ ایندکس users حذف شد
2026-08-23 06:02:35 [SUCCESS] ✅ ایندکس users با موفقیت بازسازی شد
2026-08-23 06:02:35 [INFO] 📝 ایندکس‌سازی نامه‌ها...
2026-08-23 06:02:35 [SUCCESS] ✅ 0 نامه ایندکس شد
2026-08-23 06:02:35 [INFO] 📝 ایندکس‌سازی اموال...
2026-08-23 06:02:36 [SUCCESS] ✅ 2 اموال ایندکس شد
2026-08-23 06:02:36 [INFO] 📝 ایندکس‌سازی اسناد...
2026-08-23 06:02:37 [SUCCESS] ✅ 1 سند ایندکس شد
2026-08-23 06:02:37 [INFO] 📝 ایندکس‌سازی رمزها...
2026-08-23 06:02:37 [SUCCESS] ✅ 1 رمز ایندکس شد
2026-08-23 06:02:37 [INFO] 📝 ایندکس‌سازی کاربران...
2026-08-23 06:02:37 [SUCCESS] ✅ 1 کاربر ایندکس شد
2026-08-23 06:02:37 [INFO] 📊 نامه‌ها: 0
2026-08-23 06:02:37 [INFO] 📊 اموال: 2
2026-08-23 06:02:37 [INFO] 📊 اسناد: 1
2026-08-23 06:02:37 [INFO] 📊 رمزها: 1
2026-08-23 06:02:37 [INFO] 📊 کاربران: 1
2026-08-23 06:04:21 [INFO] 🔴 دریافت سیگنال خاموش شدن...
2026-08-23 06:04:40 [SUCCESS] ✅ متصل به MongoDB
2026-08-23 06:04:41 [INFO] ✅ 96 مجوز با موفقیت ایجاد/به‌روزرسانی شدند
2026-08-23 06:04:41 [INFO] ✅ مقادیر Enum ایجاد شدند
2026-08-23 06:04:41 [INFO] ✅ آیتم‌های منو ایجاد شدند
2026-08-23 06:04:41 [INFO] ✅ تنظیمات سیستم ایجاد شدند
2026-08-23 06:04:41 [SUCCESS] ✅ Redis با موفقیت متصل شد
2026-08-23 06:04:41 [SUCCESS] ✅ کش Redis با موفقیت تست شد
2026-08-23 06:04:41 [INFO] ✅ پشتیبان‌گیری و بازبینی دسترسی فعال شد
2026-08-23 06:04:41 [SUCCESS] ✅ Socket.io با موفقیت راه‌اندازی شد
2026-08-23 06:04:41 [SUCCESS] ✅ سرور روی پورت 3000 در حال اجراست
2026-08-23 06:04:41 [INFO] 📍 آدرس محلی: http://localhost:3000
2026-08-23 06:04:41 [INFO] 📍 آدرس شبکه: http://192.168.10.17:3000
2026-08-23 09:32:20 [INFO] 🔴 دریافت سیگنال خاموش شدن...
2026-08-23 09:32:30 [SUCCESS] ✅ متصل به MongoDB
2026-08-23 09:32:30 [INFO] ✅ 96 مجوز با موفقیت ایجاد/به‌روزرسانی شدند
2026-08-23 09:32:30 [INFO] ✅ مقادیر Enum ایجاد شدند
2026-08-23 09:32:30 [INFO] ✅ آیتم‌های منو ایجاد شدند
2026-08-23 09:32:31 [INFO] ✅ تنظیمات سیستم ایجاد شدند
2026-08-23 09:32:31 [SUCCESS] ✅ Redis با موفقیت متصل شد
2026-08-23 09:32:31 [SUCCESS] ✅ کش Redis با موفقیت تست شد
2026-08-23 09:32:31 [INFO] ✅ پشتیبان‌گیری و بازبینی دسترسی فعال شد
2026-08-23 09:32:31 [SUCCESS] ✅ Socket.io با موفقیت راه‌اندازی شد
2026-08-23 09:32:31 [SUCCESS] ✅ سرور روی پورت 3000 در حال اجراست
2026-08-23 09:32:31 [INFO] 📍 آدرس محلی: http://localhost:3000
2026-08-23 09:32:31 [INFO] 📍 آدرس شبکه: http://192.168.10.17:3000
2026-08-23 09:45:04 [SUCCESS] ✅ متصل به MongoDB
2026-08-23 09:45:04 [INFO] ✅ 96 مجوز با موفقیت ایجاد/به‌روزرسانی شدند
2026-08-23 09:45:04 [INFO] ✅ مقادیر Enum ایجاد شدند
2026-08-23 09:45:04 [INFO] ✅ آیتم‌های منو ایجاد شدند
2026-08-23 09:45:04 [INFO] ✅ تنظیمات سیستم ایجاد شدند
2026-08-23 09:45:04 [SUCCESS] ✅ Redis با موفقیت متصل شد
2026-08-23 09:45:04 [SUCCESS] ✅ کش Redis با موفقیت تست شد
2026-08-23 09:45:04 [INFO] ✅ پشتیبان‌گیری و بازبینی دسترسی فعال شد
2026-08-23 09:45:04 [SUCCESS] ✅ Socket.io با موفقیت راه‌اندازی شد
2026-08-23 09:45:04 [SUCCESS] ✅ سرور روی پورت 3000 در حال اجراست
2026-08-23 09:45:04 [INFO] 📍 آدرس محلی: http://localhost:3000
2026-08-23 09:45:04 [INFO] 📍 آدرس شبکه: http://192.168.10.17:3000
2026-08-23 09:49:09 [SUCCESS] ✅ متصل به MongoDB
2026-08-23 09:49:09 [INFO] ✅ 96 مجوز با موفقیت ایجاد/به‌روزرسانی شدند
2026-08-23 09:49:09 [INFO] ✅ مقادیر Enum ایجاد شدند
2026-08-23 09:49:09 [INFO] ✅ آیتم‌های منو ایجاد شدند
2026-08-23 09:49:10 [INFO] ✅ تنظیمات سیستم ایجاد شدند
2026-08-23 09:49:10 [SUCCESS] ✅ Redis با موفقیت متصل شد
2026-08-23 09:49:10 [SUCCESS] ✅ کش Redis با موفقیت تست شد
2026-08-23 09:49:10 [INFO] ✅ پشتیبان‌گیری و بازبینی دسترسی فعال شد
2026-08-23 09:49:10 [SUCCESS] ✅ Socket.io با موفقیت راه‌اندازی شد
2026-08-23 09:49:10 [SUCCESS] ✅ سرور روی پورت 3000 در حال اجراست
2026-08-23 09:49:10 [INFO] 📍 آدرس محلی: http://localhost:3000
2026-08-23 09:49:10 [INFO] 📍 آدرس شبکه: http://192.168.10.17:3000
2026-08-23 09:50:17 [INFO] 🔴 دریافت سیگنال خاموش شدن...
2026-08-23 09:50:27 [SUCCESS] ✅ متصل به MongoDB
2026-08-23 09:50:27 [INFO] ✅ 96 مجوز با موفقیت ایجاد/به‌روزرسانی شدند
2026-08-23 09:50:27 [INFO] ✅ مقادیر Enum ایجاد شدند
2026-08-23 09:50:27 [INFO] ✅ آیتم‌های منو ایجاد شدند
2026-08-23 09:50:28 [INFO] ✅ تنظیمات سیستم ایجاد شدند
2026-08-23 09:50:28 [SUCCESS] ✅ Redis با موفقیت متصل شد
2026-08-23 09:50:28 [SUCCESS] ✅ کش Redis با موفقیت تست شد
2026-08-23 09:50:28 [INFO] ✅ پشتیبان‌گیری و بازبینی دسترسی فعال شد
2026-08-23 09:50:28 [SUCCESS] ✅ Socket.io با موفقیت راه‌اندازی شد
2026-08-23 09:50:28 [SUCCESS] ✅ سرور روی پورت 3000 در حال اجراست
2026-08-23 09:50:28 [INFO] 📍 آدرس محلی: http://localhost:3000
2026-08-23 09:50:28 [INFO] 📍 آدرس شبکه: http://192.168.10.17:3000
2026-08-23 12:54:19 [SUCCESS] ✅ متصل به MongoDB
2026-08-23 12:54:20 [INFO] ✅ 96 مجوز با موفقیت ایجاد/به‌روزرسانی شدند
2026-08-23 12:54:20 [INFO] ✅ مقادیر Enum ایجاد شدند
2026-08-23 12:54:20 [INFO] ✅ آیتم‌های منو ایجاد شدند
2026-08-23 12:54:20 [INFO] ✅ تنظیمات سیستم ایجاد شدند
2026-08-23 12:54:20 [SUCCESS] ✅ Redis با موفقیت متصل شد
2026-08-23 12:54:20 [SUCCESS] ✅ کش Redis با موفقیت تست شد
2026-08-23 12:54:20 [INFO] ✅ پشتیبان‌گیری و بازبینی دسترسی فعال شد
2026-08-23 12:54:20 [SUCCESS] ✅ Socket.io با موفقیت راه‌اندازی شد
2026-08-23 12:54:20 [SUCCESS] ✅ سرور روی پورت 3000 در حال اجراست
2026-08-23 12:54:20 [INFO] 📍 آدرس محلی: http://localhost:3000
2026-08-23 12:54:20 [INFO] 📍 آدرس شبکه: http://192.168.10.17:3000
2026-08-23 12:58:27 [INFO] 🔴 دریافت سیگنال خاموش شدن...
2026-08-23 12:58:35 [SUCCESS] ✅ متصل به MongoDB
2026-08-23 12:58:36 [INFO] ✅ 96 مجوز با موفقیت ایجاد/به‌روزرسانی شدند
2026-08-23 12:58:36 [INFO] ✅ مقادیر Enum ایجاد شدند
2026-08-23 12:58:36 [INFO] ✅ آیتم‌های منو ایجاد شدند
2026-08-23 12:58:36 [INFO] ✅ تنظیمات سیستم ایجاد شدند
2026-08-23 12:58:36 [SUCCESS] ✅ Redis با موفقیت متصل شد
2026-08-23 12:58:36 [SUCCESS] ✅ کش Redis با موفقیت تست شد
2026-08-23 12:58:36 [INFO] ✅ پشتیبان‌گیری و بازبینی دسترسی فعال شد
2026-08-23 12:58:36 [SUCCESS] ✅ Socket.io با موفقیت راه‌اندازی شد
2026-08-23 12:58:36 [SUCCESS] ✅ سرور روی پورت 3000 در حال اجراست
2026-08-23 12:58:36 [INFO] 📍 آدرس محلی: http://localhost:3000
2026-08-23 12:58:36 [INFO] 📍 آدرس شبکه: http://192.168.10.17:3000
2026-08-23 13:09:04 [SUCCESS] ✅ متصل به MongoDB
2026-08-23 13:09:04 [INFO] ✅ 96 مجوز با موفقیت ایجاد/به‌روزرسانی شدند
2026-08-23 13:09:04 [INFO] ✅ مقادیر Enum ایجاد شدند
2026-08-23 13:09:04 [INFO] ✅ آیتم‌های منو ایجاد شدند
2026-08-23 13:09:04 [INFO] ✅ تنظیمات سیستم ایجاد شدند
2026-08-23 13:09:04 [SUCCESS] ✅ Redis با موفقیت متصل شد
2026-08-23 13:09:04 [SUCCESS] ✅ کش Redis با موفقیت تست شد
2026-08-23 13:09:04 [INFO] ✅ پشتیبان‌گیری و بازبینی دسترسی فعال شد
2026-08-23 13:09:04 [SUCCESS] ✅ Socket.io با موفقیت راه‌اندازی شد
2026-08-23 13:09:04 [SUCCESS] ✅ سرور روی پورت 3000 در حال اجراست
2026-08-23 13:09:04 [INFO] 📍 آدرس محلی: http://localhost:3000
2026-08-23 13:09:04 [INFO] 📍 آدرس شبکه: http://192.168.10.17:3000
2026-08-23 13:09:23 [SUCCESS] ✅ متصل به MongoDB
2026-08-23 13:09:23 [INFO] ✅ 96 مجوز با موفقیت ایجاد/به‌روزرسانی شدند
2026-08-23 13:09:23 [INFO] ✅ مقادیر Enum ایجاد شدند
2026-08-23 13:09:23 [INFO] ✅ آیتم‌های منو ایجاد شدند
2026-08-23 13:09:24 [INFO] ✅ تنظیمات سیستم ایجاد شدند
2026-08-23 13:09:24 [SUCCESS] ✅ Redis با موفقیت متصل شد
2026-08-23 13:09:24 [SUCCESS] ✅ کش Redis با موفقیت تست شد
2026-08-23 13:09:24 [INFO] ✅ پشتیبان‌گیری و بازبینی دسترسی فعال شد
2026-08-23 13:09:24 [SUCCESS] ✅ Socket.io با موفقیت راه‌اندازی شد
2026-08-23 13:09:24 [SUCCESS] ✅ سرور روی پورت 3000 در حال اجراست
2026-08-23 13:09:24 [INFO] 📍 آدرس محلی: http://localhost:3000
2026-08-23 13:09:24 [INFO] 📍 آدرس شبکه: http://192.168.10.17:3000
2026-08-23 13:14:07 [SUCCESS] ✅ متصل به MongoDB
2026-08-23 13:14:07 [INFO] ✅ 96 مجوز با موفقیت ایجاد/به‌روزرسانی شدند
2026-08-23 13:14:07 [INFO] ✅ مقادیر Enum ایجاد شدند
2026-08-23 13:14:07 [INFO] ✅ آیتم‌های منو ایجاد شدند
2026-08-23 13:14:07 [INFO] ✅ تنظیمات سیستم ایجاد شدند
2026-08-23 13:14:07 [SUCCESS] ✅ Redis با موفقیت متصل شد
2026-08-23 13:14:07 [SUCCESS] ✅ کش Redis با موفقیت تست شد
2026-08-23 13:14:07 [INFO] ✅ پشتیبان‌گیری و بازبینی دسترسی فعال شد
2026-08-23 13:14:07 [SUCCESS] ✅ Socket.io با موفقیت راه‌اندازی شد
2026-08-23 13:14:07 [SUCCESS] ✅ سرور روی پورت 3000 در حال اجراست
2026-08-23 13:14:07 [INFO] 📍 آدرس محلی: http://localhost:3000
2026-08-23 13:14:07 [INFO] 📍 آدرس شبکه: http://192.168.10.17:3000
2026-08-23 13:14:12 [SUCCESS] ✅ متصل به MongoDB
2026-08-23 13:14:13 [INFO] ✅ 96 مجوز با موفقیت ایجاد/به‌روزرسانی شدند
2026-08-23 13:14:13 [INFO] ✅ مقادیر Enum ایجاد شدند
2026-08-23 13:14:13 [INFO] ✅ آیتم‌های منو ایجاد شدند
2026-08-23 13:14:13 [INFO] ✅ تنظیمات سیستم ایجاد شدند
2026-08-23 13:14:13 [SUCCESS] ✅ Redis با موفقیت متصل شد
2026-08-23 13:14:13 [SUCCESS] ✅ کش Redis با موفقیت تست شد
2026-08-23 13:14:13 [INFO] ✅ پشتیبان‌گیری و بازبینی دسترسی فعال شد
2026-08-23 13:14:13 [SUCCESS] ✅ Socket.io با موفقیت راه‌اندازی شد
2026-08-23 13:14:13 [SUCCESS] ✅ سرور روی پورت 3000 در حال اجراست
2026-08-23 13:14:13 [INFO] 📍 آدرس محلی: http://localhost:3000
2026-08-23 13:14:13 [INFO] 📍 آدرس شبکه: http://192.168.10.17:3000
2026-08-23 13:14:48 [SUCCESS] ✅ متصل به MongoDB
2026-08-23 13:14:48 [INFO] ✅ 96 مجوز با موفقیت ایجاد/به‌روزرسانی شدند
2026-08-23 13:14:48 [INFO] ✅ مقادیر Enum ایجاد شدند
2026-08-23 13:14:48 [INFO] ✅ آیتم‌های منو ایجاد شدند
2026-08-23 13:14:48 [INFO] ✅ تنظیمات سیستم ایجاد شدند
2026-08-23 13:14:48 [SUCCESS] ✅ Redis با موفقیت متصل شد
2026-08-23 13:14:48 [SUCCESS] ✅ کش Redis با موفقیت تست شد
2026-08-23 13:14:48 [INFO] ✅ پشتیبان‌گیری و بازبینی دسترسی فعال شد
2026-08-23 13:14:48 [SUCCESS] ✅ Socket.io با موفقیت راه‌اندازی شد
2026-08-23 13:14:48 [SUCCESS] ✅ سرور روی پورت 3000 در حال اجراست
2026-08-23 13:14:48 [INFO] 📍 آدرس محلی: http://localhost:3000
2026-08-23 13:14:48 [INFO] 📍 آدرس شبکه: http://192.168.10.17:3000
2026-08-23 13:15:19 [SUCCESS] ✅ متصل به MongoDB
2026-08-23 13:15:20 [INFO] ✅ 96 مجوز با موفقیت ایجاد/به‌روزرسانی شدند
2026-08-23 13:15:20 [INFO] ✅ مقادیر Enum ایجاد شدند
2026-08-23 13:15:20 [INFO] ✅ آیتم‌های منو ایجاد شدند
2026-08-23 13:15:20 [INFO] ✅ تنظیمات سیستم ایجاد شدند
2026-08-23 13:15:20 [SUCCESS] ✅ Redis با موفقیت متصل شد
2026-08-23 13:15:20 [SUCCESS] ✅ کش Redis با موفقیت تست شد
2026-08-23 13:15:20 [INFO] ✅ پشتیبان‌گیری و بازبینی دسترسی فعال شد
2026-08-23 13:15:20 [SUCCESS] ✅ Socket.io با موفقیت راه‌اندازی شد
2026-08-23 13:15:20 [SUCCESS] ✅ سرور روی پورت 3000 در حال اجراست
2026-08-23 13:15:20 [INFO] 📍 آدرس محلی: http://localhost:3000
2026-08-23 13:15:20 [INFO] 📍 آدرس شبکه: http://192.168.10.17:3000
2026-08-23 13:15:44 [SUCCESS] ✅ متصل به MongoDB
2026-08-23 13:15:44 [INFO] ✅ 96 مجوز با موفقیت ایجاد/به‌روزرسانی شدند
2026-08-23 13:15:44 [INFO] ✅ مقادیر Enum ایجاد شدند
2026-08-23 13:15:45 [INFO] ✅ آیتم‌های منو ایجاد شدند
2026-08-23 13:15:45 [INFO] ✅ تنظیمات سیستم ایجاد شدند
2026-08-23 13:15:45 [SUCCESS] ✅ Redis با موفقیت متصل شد
2026-08-23 13:15:45 [SUCCESS] ✅ کش Redis با موفقیت تست شد
2026-08-23 13:15:45 [INFO] ✅ پشتیبان‌گیری و بازبینی دسترسی فعال شد
2026-08-23 13:15:45 [SUCCESS] ✅ Socket.io با موفقیت راه‌اندازی شد
2026-08-23 13:15:45 [SUCCESS] ✅ سرور روی پورت 3000 در حال اجراست
2026-08-23 13:15:45 [INFO] 📍 آدرس محلی: http://localhost:3000
2026-08-23 13:15:45 [INFO] 📍 آدرس شبکه: http://192.168.10.17:3000
2026-08-23 13:16:27 [SUCCESS] ✅ متصل به MongoDB
2026-08-23 13:16:28 [INFO] ✅ 96 مجوز با موفقیت ایجاد/به‌روزرسانی شدند
2026-08-23 13:16:28 [INFO] ✅ مقادیر Enum ایجاد شدند
2026-08-23 13:16:28 [INFO] ✅ آیتم‌های منو ایجاد شدند
2026-08-23 13:16:28 [INFO] ✅ تنظیمات سیستم ایجاد شدند
2026-08-23 13:16:28 [SUCCESS] ✅ Redis با موفقیت متصل شد
2026-08-23 13:16:28 [SUCCESS] ✅ کش Redis با موفقیت تست شد
2026-08-23 13:16:28 [INFO] ✅ پشتیبان‌گیری و بازبینی دسترسی فعال شد
2026-08-23 13:16:28 [SUCCESS] ✅ Socket.io با موفقیت راه‌اندازی شد
2026-08-23 13:16:28 [SUCCESS] ✅ سرور روی پورت 3000 در حال اجراست
2026-08-23 13:16:28 [INFO] 📍 آدرس محلی: http://localhost:3000
2026-08-23 13:16:28 [INFO] 📍 آدرس شبکه: http://192.168.10.17:3000
2026-08-23 13:18:23 [SUCCESS] ✅ متصل به MongoDB
2026-08-23 13:18:24 [INFO] ✅ 96 مجوز با موفقیت ایجاد/به‌روزرسانی شدند
2026-08-23 13:18:24 [INFO] ✅ مقادیر Enum ایجاد شدند
2026-08-23 13:18:24 [INFO] ✅ آیتم‌های منو ایجاد شدند
2026-08-23 13:18:24 [INFO] ✅ تنظیمات سیستم ایجاد شدند
2026-08-23 13:18:24 [SUCCESS] ✅ Redis با موفقیت متصل شد
2026-08-23 13:18:24 [SUCCESS] ✅ کش Redis با موفقیت تست شد
2026-08-23 13:18:24 [INFO] ✅ پشتیبان‌گیری و بازبینی دسترسی فعال شد
2026-08-23 13:18:24 [SUCCESS] ✅ Socket.io با موفقیت راه‌اندازی شد
2026-08-23 13:18:24 [SUCCESS] ✅ سرور روی پورت 3000 در حال اجراست
2026-08-23 13:18:24 [INFO] 📍 آدرس محلی: http://localhost:3000
2026-08-23 13:18:24 [INFO] 📍 آدرس شبکه: http://192.168.10.17:3000
2026-08-23 13:19:38 [SUCCESS] ✅ متصل به MongoDB
2026-08-23 13:19:39 [INFO] ✅ 96 مجوز با موفقیت ایجاد/به‌روزرسانی شدند
2026-08-23 13:19:39 [INFO] ✅ مقادیر Enum ایجاد شدند
2026-08-23 13:19:39 [INFO] ✅ آیتم‌های منو ایجاد شدند
2026-08-23 13:19:39 [INFO] ✅ تنظیمات سیستم ایجاد شدند
2026-08-23 13:19:39 [SUCCESS] ✅ Redis با موفقیت متصل شد
2026-08-23 13:19:39 [SUCCESS] ✅ کش Redis با موفقیت تست شد
2026-08-23 13:19:39 [INFO] ✅ پشتیبان‌گیری و بازبینی دسترسی فعال شد
2026-08-23 13:19:39 [SUCCESS] ✅ Socket.io با موفقیت راه‌اندازی شد
2026-08-23 13:19:39 [SUCCESS] ✅ سرور روی پورت 3000 در حال اجراست
2026-08-23 13:19:39 [INFO] 📍 آدرس محلی: http://localhost:3000
2026-08-23 13:19:39 [INFO] 📍 آدرس شبکه: http://192.168.10.17:3000
2026-08-23 13:21:50 [SUCCESS] ✅ متصل به MongoDB
2026-08-23 13:21:51 [INFO] ✅ 96 مجوز با موفقیت ایجاد/به‌روزرسانی شدند
2026-08-23 13:21:51 [INFO] ✅ مقادیر Enum ایجاد شدند
2026-08-23 13:21:51 [INFO] ✅ آیتم‌های منو ایجاد شدند
2026-08-23 13:21:51 [INFO] ✅ تنظیمات سیستم ایجاد شدند
2026-08-23 13:21:51 [SUCCESS] ✅ Redis با موفقیت متصل شد
2026-08-23 13:21:51 [SUCCESS] ✅ کش Redis با موفقیت تست شد
2026-08-23 13:21:51 [INFO] ✅ پشتیبان‌گیری و بازبینی دسترسی فعال شد
2026-08-23 13:21:51 [SUCCESS] ✅ Socket.io با موفقیت راه‌اندازی شد
2026-08-23 13:21:51 [SUCCESS] ✅ سرور روی پورت 3000 در حال اجراست
2026-08-23 13:21:51 [INFO] 📍 آدرس محلی: http://localhost:3000
2026-08-23 13:21:51 [INFO] 📍 آدرس شبکه: http://192.168.10.17:3000
2026-08-23 13:22:54 [SUCCESS] ✅ متصل به MongoDB
2026-08-23 13:22:54 [INFO] ✅ 96 مجوز با موفقیت ایجاد/به‌روزرسانی شدند
2026-08-23 13:22:54 [INFO] ✅ مقادیر Enum ایجاد شدند
2026-08-23 13:22:55 [INFO] ✅ آیتم‌های منو ایجاد شدند
2026-08-23 13:22:55 [INFO] ✅ تنظیمات سیستم ایجاد شدند
2026-08-23 13:22:55 [SUCCESS] ✅ Redis با موفقیت متصل شد
2026-08-23 13:22:55 [SUCCESS] ✅ کش Redis با موفقیت تست شد
2026-08-23 13:22:55 [INFO] ✅ پشتیبان‌گیری و بازبینی دسترسی فعال شد
2026-08-23 13:22:55 [SUCCESS] ✅ Socket.io با موفقیت راه‌اندازی شد
2026-08-23 13:22:55 [SUCCESS] ✅ سرور روی پورت 3000 در حال اجراست
2026-08-23 13:22:55 [INFO] 📍 آدرس محلی: http://localhost:3000
2026-08-23 13:22:55 [INFO] 📍 آدرس شبکه: http://192.168.10.17:3000
2026-08-23 13:23:27 [SUCCESS] ✅ متصل به MongoDB
2026-08-23 13:23:28 [INFO] ✅ 96 مجوز با موفقیت ایجاد/به‌روزرسانی شدند
2026-08-23 13:23:28 [INFO] ✅ مقادیر Enum ایجاد شدند
2026-08-23 13:23:28 [INFO] ✅ آیتم‌های منو ایجاد شدند
2026-08-23 13:23:28 [INFO] ✅ تنظیمات سیستم ایجاد شدند
2026-08-23 13:23:28 [SUCCESS] ✅ Redis با موفقیت متصل شد
2026-08-23 13:23:28 [SUCCESS] ✅ کش Redis با موفقیت تست شد
2026-08-23 13:23:28 [INFO] ✅ پشتیبان‌گیری و بازبینی دسترسی فعال شد
2026-08-23 13:23:28 [SUCCESS] ✅ Socket.io با موفقیت راه‌اندازی شد
2026-08-23 13:23:28 [SUCCESS] ✅ سرور روی پورت 3000 در حال اجراست
2026-08-23 13:23:28 [INFO] 📍 آدرس محلی: http://localhost:3000
2026-08-23 13:23:28 [INFO] 📍 آدرس شبکه: http://192.168.10.17:3000
2026-08-23 13:23:58 [SUCCESS] ✅ متصل به MongoDB
2026-08-23 13:23:58 [INFO] ✅ 96 مجوز با موفقیت ایجاد/به‌روزرسانی شدند
2026-08-23 13:23:58 [INFO] ✅ مقادیر Enum ایجاد شدند
2026-08-23 13:23:59 [INFO] ✅ آیتم‌های منو ایجاد شدند
2026-08-23 13:23:59 [INFO] ✅ تنظیمات سیستم ایجاد شدند
2026-08-23 13:23:59 [SUCCESS] ✅ Redis با موفقیت متصل شد
2026-08-23 13:23:59 [SUCCESS] ✅ کش Redis با موفقیت تست شد
2026-08-23 13:23:59 [INFO] ✅ پشتیبان‌گیری و بازبینی دسترسی فعال شد
2026-08-23 13:23:59 [SUCCESS] ✅ Socket.io با موفقیت راه‌اندازی شد
2026-08-23 13:23:59 [SUCCESS] ✅ سرور روی پورت 3000 در حال اجراست
2026-08-23 13:23:59 [INFO] 📍 آدرس محلی: http://localhost:3000
2026-08-23 13:23:59 [INFO] 📍 آدرس شبکه: http://192.168.10.17:3000
2026-08-23 13:26:32 [SUCCESS] ✅ متصل به MongoDB
2026-08-23 13:26:32 [INFO] ✅ 96 مجوز با موفقیت ایجاد/به‌روزرسانی شدند
2026-08-23 13:26:32 [INFO] ✅ مقادیر Enum ایجاد شدند
2026-08-23 13:26:32 [INFO] ✅ آیتم‌های منو ایجاد شدند
2026-08-23 13:26:33 [INFO] ✅ تنظیمات سیستم ایجاد شدند
2026-08-23 13:26:33 [SUCCESS] ✅ Redis با موفقیت متصل شد
2026-08-23 13:26:33 [SUCCESS] ✅ کش Redis با موفقیت تست شد
2026-08-23 13:26:33 [INFO] ✅ پشتیبان‌گیری و بازبینی دسترسی فعال شد
2026-08-23 13:26:33 [SUCCESS] ✅ Socket.io با موفقیت راه‌اندازی شد
2026-08-23 13:26:33 [SUCCESS] ✅ سرور روی پورت 3000 در حال اجراست
2026-08-23 13:26:33 [INFO] 📍 آدرس محلی: http://localhost:3000
2026-08-23 13:26:33 [INFO] 📍 آدرس شبکه: http://192.168.10.17:3000
2026-08-23 13:27:09 [SUCCESS] ✅ متصل به MongoDB
2026-08-23 13:27:10 [INFO] ✅ 96 مجوز با موفقیت ایجاد/به‌روزرسانی شدند
2026-08-23 13:27:10 [INFO] ✅ مقادیر Enum ایجاد شدند
2026-08-23 13:27:10 [INFO] ✅ آیتم‌های منو ایجاد شدند
2026-08-23 13:27:10 [INFO] ✅ تنظیمات سیستم ایجاد شدند
2026-08-23 13:27:10 [SUCCESS] ✅ Redis با موفقیت متصل شد
2026-08-23 13:27:10 [SUCCESS] ✅ کش Redis با موفقیت تست شد
2026-08-23 13:27:10 [INFO] ✅ پشتیبان‌گیری و بازبینی دسترسی فعال شد
2026-08-23 13:27:10 [SUCCESS] ✅ Socket.io با موفقیت راه‌اندازی شد
2026-08-23 13:27:10 [SUCCESS] ✅ سرور روی پورت 3000 در حال اجراست
2026-08-23 13:27:10 [INFO] 📍 آدرس محلی: http://localhost:3000
2026-08-23 13:27:10 [INFO] 📍 آدرس شبکه: http://192.168.10.17:3000
2026-08-23 13:27:49 [SUCCESS] ✅ متصل به MongoDB
2026-08-23 13:27:49 [INFO] ✅ 96 مجوز با موفقیت ایجاد/به‌روزرسانی شدند
2026-08-23 13:27:49 [INFO] ✅ مقادیر Enum ایجاد شدند
2026-08-23 13:27:49 [INFO] ✅ آیتم‌های منو ایجاد شدند
2026-08-23 13:27:49 [INFO] ✅ تنظیمات سیستم ایجاد شدند
2026-08-23 13:27:49 [SUCCESS] ✅ Redis با موفقیت متصل شد
2026-08-23 13:27:49 [SUCCESS] ✅ کش Redis با موفقیت تست شد
2026-08-23 13:27:49 [INFO] ✅ پشتیبان‌گیری و بازبینی دسترسی فعال شد
2026-08-23 13:27:49 [SUCCESS] ✅ Socket.io با موفقیت راه‌اندازی شد
2026-08-23 13:27:50 [SUCCESS] ✅ سرور روی پورت 3000 در حال اجراست
2026-08-23 13:27:50 [INFO] 📍 آدرس محلی: http://localhost:3000
2026-08-23 13:27:50 [INFO] 📍 آدرس شبکه: http://192.168.10.17:3000
2026-08-23 13:28:35 [SUCCESS] ✅ متصل به MongoDB
2026-08-23 13:28:35 [INFO] ✅ 96 مجوز با موفقیت ایجاد/به‌روزرسانی شدند
2026-08-23 13:28:35 [INFO] ✅ مقادیر Enum ایجاد شدند
2026-08-23 13:28:35 [INFO] ✅ آیتم‌های منو ایجاد شدند
2026-08-23 13:28:35 [INFO] ✅ تنظیمات سیستم ایجاد شدند
2026-08-23 13:28:35 [SUCCESS] ✅ Redis با موفقیت متصل شد
2026-08-23 13:28:35 [SUCCESS] ✅ کش Redis با موفقیت تست شد
2026-08-23 13:28:35 [INFO] ✅ پشتیبان‌گیری و بازبینی دسترسی فعال شد
2026-08-23 13:28:35 [SUCCESS] ✅ Socket.io با موفقیت راه‌اندازی شد
2026-08-23 13:28:35 [SUCCESS] ✅ سرور روی پورت 3000 در حال اجراست
2026-08-23 13:28:35 [INFO] 📍 آدرس محلی: http://localhost:3000
2026-08-23 13:28:35 [INFO] 📍 آدرس شبکه: http://192.168.10.17:3000
2026-08-23 13:30:24 [SUCCESS] ✅ متصل به MongoDB
2026-08-23 13:30:25 [INFO] ✅ 96 مجوز با موفقیت ایجاد/به‌روزرسانی شدند
2026-08-23 13:30:25 [INFO] ✅ مقادیر Enum ایجاد شدند
2026-08-23 13:30:25 [INFO] ✅ آیتم‌های منو ایجاد شدند
2026-08-23 13:30:25 [INFO] ✅ تنظیمات سیستم ایجاد شدند
2026-08-23 13:30:25 [SUCCESS] ✅ Redis با موفقیت متصل شد
2026-08-23 13:30:25 [SUCCESS] ✅ کش Redis با موفقیت تست شد
2026-08-23 13:30:25 [INFO] ✅ پشتیبان‌گیری و بازبینی دسترسی فعال شد
2026-08-23 13:30:25 [SUCCESS] ✅ Socket.io با موفقیت راه‌اندازی شد
2026-08-23 13:30:25 [SUCCESS] ✅ سرور روی پورت 3000 در حال اجراست
2026-08-23 13:30:25 [INFO] 📍 آدرس محلی: http://localhost:3000
2026-08-23 13:30:25 [INFO] 📍 آدرس شبکه: http://192.168.10.17:3000
2026-08-23 13:31:06 [SUCCESS] ✅ متصل به MongoDB
2026-08-23 13:31:07 [INFO] ✅ 96 مجوز با موفقیت ایجاد/به‌روزرسانی شدند
2026-08-23 13:31:07 [INFO] ✅ مقادیر Enum ایجاد شدند
2026-08-23 13:31:07 [INFO] ✅ آیتم‌های منو ایجاد شدند
2026-08-23 13:31:07 [INFO] ✅ تنظیمات سیستم ایجاد شدند
2026-08-23 13:31:07 [SUCCESS] ✅ Redis با موفقیت متصل شد
2026-08-23 13:31:07 [SUCCESS] ✅ کش Redis با موفقیت تست شد
2026-08-23 13:31:07 [INFO] ✅ پشتیبان‌گیری و بازبینی دسترسی فعال شد
2026-08-23 13:31:07 [SUCCESS] ✅ Socket.io با موفقیت راه‌اندازی شد
2026-08-23 13:31:07 [SUCCESS] ✅ سرور روی پورت 3000 در حال اجراست
2026-08-23 13:31:07 [INFO] 📍 آدرس محلی: http://localhost:3000
2026-08-23 13:31:07 [INFO] 📍 آدرس شبکه: http://192.168.10.17:3000
2026-08-23 13:31:41 [SUCCESS] ✅ متصل به MongoDB
2026-08-23 13:31:42 [INFO] ✅ 96 مجوز با موفقیت ایجاد/به‌روزرسانی شدند
2026-08-23 13:31:42 [INFO] ✅ مقادیر Enum ایجاد شدند
2026-08-23 13:31:42 [INFO] ✅ آیتم‌های منو ایجاد شدند
2026-08-23 13:31:42 [INFO] ✅ تنظیمات سیستم ایجاد شدند
2026-08-23 13:31:42 [SUCCESS] ✅ Redis با موفقیت متصل شد
2026-08-23 13:31:42 [SUCCESS] ✅ کش Redis با موفقیت تست شد
2026-08-23 13:31:42 [INFO] ✅ پشتیبان‌گیری و بازبینی دسترسی فعال شد
2026-08-23 13:31:42 [SUCCESS] ✅ Socket.io با موفقیت راه‌اندازی شد
2026-08-23 13:31:42 [SUCCESS] ✅ سرور روی پورت 3000 در حال اجراست
2026-08-23 13:31:42 [INFO] 📍 آدرس محلی: http://localhost:3000
2026-08-23 13:31:42 [INFO] 📍 آدرس شبکه: http://192.168.10.17:3000
2026-08-23 13:32:20 [SUCCESS] ✅ متصل به MongoDB
2026-08-23 13:32:20 [INFO] ✅ 96 مجوز با موفقیت ایجاد/به‌روزرسانی شدند
2026-08-23 13:32:20 [INFO] ✅ مقادیر Enum ایجاد شدند
2026-08-23 13:32:21 [INFO] ✅ آیتم‌های منو ایجاد شدند
2026-08-23 13:32:21 [INFO] ✅ تنظیمات سیستم ایجاد شدند
2026-08-23 13:32:21 [SUCCESS] ✅ Redis با موفقیت متصل شد
2026-08-23 13:32:21 [SUCCESS] ✅ کش Redis با موفقیت تست شد
2026-08-23 13:32:21 [INFO] ✅ پشتیبان‌گیری و بازبینی دسترسی فعال شد
2026-08-23 13:32:21 [SUCCESS] ✅ Socket.io با موفقیت راه‌اندازی شد
2026-08-23 13:32:21 [SUCCESS] ✅ سرور روی پورت 3000 در حال اجراست
2026-08-23 13:32:21 [INFO] 📍 آدرس محلی: http://localhost:3000
2026-08-23 13:32:21 [INFO] 📍 آدرس شبکه: http://192.168.10.17:3000
2026-08-23 13:33:45 [INFO] 🔴 دریافت سیگنال خاموش شدن...
2026-08-23 13:34:03 [SUCCESS] ✅ متصل به MongoDB
2026-08-23 13:34:03 [INFO] ✅ 96 مجوز با موفقیت ایجاد/به‌روزرسانی شدند
2026-08-23 13:34:03 [INFO] ✅ مقادیر Enum ایجاد شدند
2026-08-23 13:34:03 [INFO] ✅ آیتم‌های منو ایجاد شدند
2026-08-23 13:34:03 [INFO] ✅ تنظیمات سیستم ایجاد شدند
2026-08-23 13:34:03 [SUCCESS] ✅ Redis با موفقیت متصل شد
2026-08-23 13:34:03 [SUCCESS] ✅ کش Redis با موفقیت تست شد
2026-08-23 13:34:03 [INFO] ✅ پشتیبان‌گیری و بازبینی دسترسی فعال شد
2026-08-23 13:34:03 [SUCCESS] ✅ Socket.io با موفقیت راه‌اندازی شد
2026-08-23 13:34:03 [SUCCESS] ✅ سرور روی پورت 3000 در حال اجراست
2026-08-23 13:34:03 [INFO] 📍 آدرس محلی: http://localhost:3000
2026-08-23 13:34:03 [INFO] 📍 آدرس شبکه: http://192.168.10.17:3000
2026-08-23 13:39:58 [SUCCESS] ✅ متصل به MongoDB
2026-08-23 13:39:58 [INFO] ✅ 96 مجوز با موفقیت ایجاد/به‌روزرسانی شدند
2026-08-23 13:39:58 [INFO] ✅ مقادیر Enum ایجاد شدند
2026-08-23 13:39:59 [INFO] ✅ آیتم‌های منو ایجاد شدند
2026-08-23 13:39:59 [INFO] ✅ تنظیمات سیستم ایجاد شدند
2026-08-23 13:39:59 [SUCCESS] ✅ Redis با موفقیت متصل شد
2026-08-23 13:39:59 [SUCCESS] ✅ کش Redis با موفقیت تست شد
2026-08-23 13:39:59 [INFO] ✅ پشتیبان‌گیری و بازبینی دسترسی فعال شد
2026-08-23 13:39:59 [SUCCESS] ✅ Socket.io با موفقیت راه‌اندازی شد
2026-08-23 13:39:59 [SUCCESS] ✅ سرور روی پورت 3000 در حال اجراست
2026-08-23 13:39:59 [INFO] 📍 آدرس محلی: http://localhost:3000
2026-08-23 13:39:59 [INFO] 📍 آدرس شبکه: http://192.168.10.17:3000
2026-08-23 13:40:59 [SUCCESS] ✅ متصل به MongoDB
2026-08-23 13:41:00 [INFO] ✅ 96 مجوز با موفقیت ایجاد/به‌روزرسانی شدند
2026-08-23 13:41:00 [INFO] ✅ مقادیر Enum ایجاد شدند
2026-08-23 13:41:00 [INFO] ✅ آیتم‌های منو ایجاد شدند
2026-08-23 13:41:00 [INFO] ✅ تنظیمات سیستم ایجاد شدند
2026-08-23 13:41:00 [SUCCESS] ✅ Redis با موفقیت متصل شد
2026-08-23 13:41:00 [SUCCESS] ✅ کش Redis با موفقیت تست شد
2026-08-23 13:41:00 [INFO] ✅ پشتیبان‌گیری و بازبینی دسترسی فعال شد
2026-08-23 13:41:00 [SUCCESS] ✅ Socket.io با موفقیت راه‌اندازی شد
2026-08-23 13:41:00 [SUCCESS] ✅ سرور روی پورت 3000 در حال اجراست
2026-08-23 13:41:00 [INFO] 📍 آدرس محلی: http://localhost:3000
2026-08-23 13:41:00 [INFO] 📍 آدرس شبکه: http://192.168.10.17:3000
2026-08-23 13:43:26 [SUCCESS] ✅ متصل به MongoDB
2026-08-23 13:43:26 [INFO] ✅ 96 مجوز با موفقیت ایجاد/به‌روزرسانی شدند
2026-08-23 13:43:26 [INFO] ✅ مقادیر Enum ایجاد شدند
2026-08-23 13:43:27 [INFO] ✅ آیتم‌های منو ایجاد شدند
2026-08-23 13:43:27 [INFO] ✅ تنظیمات سیستم ایجاد شدند
2026-08-23 13:43:27 [SUCCESS] ✅ Redis با موفقیت متصل شد
2026-08-23 13:43:27 [SUCCESS] ✅ کش Redis با موفقیت تست شد
2026-08-23 13:43:27 [INFO] ✅ پشتیبان‌گیری و بازبینی دسترسی فعال شد
2026-08-23 13:43:27 [SUCCESS] ✅ Socket.io با موفقیت راه‌اندازی شد
2026-08-23 13:43:27 [SUCCESS] ✅ سرور روی پورت 3000 در حال اجراست
2026-08-23 13:43:27 [INFO] 📍 آدرس محلی: http://localhost:3000
2026-08-23 13:43:27 [INFO] 📍 آدرس شبکه: http://192.168.10.17:3000
2026-08-23 13:44:04 [SUCCESS] ✅ متصل به MongoDB
2026-08-23 13:44:04 [INFO] ✅ 96 مجوز با موفقیت ایجاد/به‌روزرسانی شدند
2026-08-23 13:44:04 [INFO] ✅ مقادیر Enum ایجاد شدند
2026-08-23 13:44:04 [INFO] ✅ آیتم‌های منو ایجاد شدند
2026-08-23 13:44:04 [INFO] ✅ تنظیمات سیستم ایجاد شدند
2026-08-23 13:44:04 [SUCCESS] ✅ Redis با موفقیت متصل شد
2026-08-23 13:44:04 [SUCCESS] ✅ کش Redis با موفقیت تست شد
2026-08-23 13:44:04 [INFO] ✅ پشتیبان‌گیری و بازبینی دسترسی فعال شد
2026-08-23 13:44:04 [SUCCESS] ✅ Socket.io با موفقیت راه‌اندازی شد
2026-08-23 13:44:04 [SUCCESS] ✅ سرور روی پورت 3000 در حال اجراست
2026-08-23 13:44:04 [INFO] 📍 آدرس محلی: http://localhost:3000
2026-08-23 13:44:04 [INFO] 📍 آدرس شبکه: http://192.168.10.17:3000
2026-08-23 13:44:39 [SUCCESS] ✅ متصل به MongoDB
2026-08-23 13:44:39 [INFO] ✅ 96 مجوز با موفقیت ایجاد/به‌روزرسانی شدند
2026-08-23 13:44:39 [INFO] ✅ مقادیر Enum ایجاد شدند
2026-08-23 13:44:40 [INFO] ✅ آیتم‌های منو ایجاد شدند
2026-08-23 13:44:40 [INFO] ✅ تنظیمات سیستم ایجاد شدند
2026-08-23 13:44:40 [SUCCESS] ✅ Redis با موفقیت متصل شد
2026-08-23 13:44:40 [SUCCESS] ✅ کش Redis با موفقیت تست شد
2026-08-23 13:44:40 [INFO] ✅ پشتیبان‌گیری و بازبینی دسترسی فعال شد
2026-08-23 13:44:40 [SUCCESS] ✅ Socket.io با موفقیت راه‌اندازی شد
2026-08-23 13:44:40 [SUCCESS] ✅ سرور روی پورت 3000 در حال اجراست
2026-08-23 13:44:40 [INFO] 📍 آدرس محلی: http://localhost:3000
2026-08-23 13:44:40 [INFO] 📍 آدرس شبکه: http://192.168.10.17:3000
2026-08-23 13:45:15 [SUCCESS] ✅ متصل به MongoDB
2026-08-23 13:45:16 [INFO] ✅ 96 مجوز با موفقیت ایجاد/به‌روزرسانی شدند
2026-08-23 13:45:16 [INFO] ✅ مقادیر Enum ایجاد شدند
2026-08-23 13:45:16 [INFO] ✅ آیتم‌های منو ایجاد شدند
2026-08-23 13:45:16 [INFO] ✅ تنظیمات سیستم ایجاد شدند
2026-08-23 13:45:16 [SUCCESS] ✅ Redis با موفقیت متصل شد
2026-08-23 13:45:16 [SUCCESS] ✅ کش Redis با موفقیت تست شد
2026-08-23 13:45:16 [INFO] ✅ پشتیبان‌گیری و بازبینی دسترسی فعال شد
2026-08-23 13:45:16 [SUCCESS] ✅ Socket.io با موفقیت راه‌اندازی شد
2026-08-23 13:45:16 [SUCCESS] ✅ سرور روی پورت 3000 در حال اجراست
2026-08-23 13:45:16 [INFO] 📍 آدرس محلی: http://localhost:3000
2026-08-23 13:45:16 [INFO] 📍 آدرس شبکه: http://192.168.10.17:3000
2026-08-23 13:45:56 [SUCCESS] ✅ متصل به MongoDB
2026-08-23 13:45:56 [INFO] ✅ 96 مجوز با موفقیت ایجاد/به‌روزرسانی شدند
2026-08-23 13:45:56 [INFO] ✅ مقادیر Enum ایجاد شدند
2026-08-23 13:45:56 [INFO] ✅ آیتم‌های منو ایجاد شدند
2026-08-23 13:45:57 [INFO] ✅ تنظیمات سیستم ایجاد شدند
2026-08-23 13:45:57 [SUCCESS] ✅ Redis با موفقیت متصل شد
2026-08-23 13:45:57 [SUCCESS] ✅ کش Redis با موفقیت تست شد
2026-08-23 13:45:57 [INFO] ✅ پشتیبان‌گیری و بازبینی دسترسی فعال شد
2026-08-23 13:45:57 [SUCCESS] ✅ Socket.io با موفقیت راه‌اندازی شد
2026-08-23 13:45:57 [SUCCESS] ✅ سرور روی پورت 3000 در حال اجراست
2026-08-23 13:45:57 [INFO] 📍 آدرس محلی: http://localhost:3000
2026-08-23 13:45:57 [INFO] 📍 آدرس شبکه: http://192.168.10.17:3000
2026-08-23 13:47:57 [SUCCESS] ✅ متصل به MongoDB
2026-08-23 13:47:58 [INFO] ✅ 96 مجوز با موفقیت ایجاد/به‌روزرسانی شدند
2026-08-23 13:47:58 [INFO] ✅ مقادیر Enum ایجاد شدند
2026-08-23 13:47:58 [INFO] ✅ آیتم‌های منو ایجاد شدند
2026-08-23 13:47:58 [INFO] ✅ تنظیمات سیستم ایجاد شدند
2026-08-23 13:47:58 [SUCCESS] ✅ Redis با موفقیت متصل شد
2026-08-23 13:47:58 [SUCCESS] ✅ کش Redis با موفقیت تست شد
2026-08-23 13:47:58 [INFO] ✅ پشتیبان‌گیری و بازبینی دسترسی فعال شد
2026-08-23 13:47:58 [SUCCESS] ✅ Socket.io با موفقیت راه‌اندازی شد
2026-08-23 13:47:58 [SUCCESS] ✅ سرور روی پورت 3000 در حال اجراست
2026-08-23 13:47:58 [INFO] 📍 آدرس محلی: http://localhost:3000
2026-08-23 13:47:58 [INFO] 📍 آدرس شبکه: http://192.168.10.17:3000
2026-08-23 13:48:35 [SUCCESS] ✅ متصل به MongoDB
2026-08-23 13:48:35 [INFO] ✅ 96 مجوز با موفقیت ایجاد/به‌روزرسانی شدند
2026-08-23 13:48:35 [INFO] ✅ مقادیر Enum ایجاد شدند
2026-08-23 13:48:35 [INFO] ✅ آیتم‌های منو ایجاد شدند
2026-08-23 13:48:35 [INFO] ✅ تنظیمات سیستم ایجاد شدند
2026-08-23 13:48:35 [SUCCESS] ✅ Redis با موفقیت متصل شد
2026-08-23 13:48:35 [SUCCESS] ✅ کش Redis با موفقیت تست شد
2026-08-23 13:48:35 [INFO] ✅ پشتیبان‌گیری و بازبینی دسترسی فعال شد
2026-08-23 13:48:35 [SUCCESS] ✅ Socket.io با موفقیت راه‌اندازی شد
2026-08-23 13:48:35 [SUCCESS] ✅ سرور روی پورت 3000 در حال اجراست
2026-08-23 13:48:35 [INFO] 📍 آدرس محلی: http://localhost:3000
2026-08-23 13:48:35 [INFO] 📍 آدرس شبکه: http://192.168.10.17:3000
2026-08-23 13:49:07 [SUCCESS] ✅ متصل به MongoDB
2026-08-23 13:49:07 [INFO] ✅ 96 مجوز با موفقیت ایجاد/به‌روزرسانی شدند
2026-08-23 13:49:07 [INFO] ✅ مقادیر Enum ایجاد شدند
2026-08-23 13:49:07 [INFO] ✅ آیتم‌های منو ایجاد شدند
2026-08-23 13:49:08 [INFO] ✅ تنظیمات سیستم ایجاد شدند
2026-08-23 13:49:08 [SUCCESS] ✅ Redis با موفقیت متصل شد
2026-08-23 13:49:08 [SUCCESS] ✅ کش Redis با موفقیت تست شد
2026-08-23 13:49:08 [INFO] ✅ پشتیبان‌گیری و بازبینی دسترسی فعال شد
2026-08-23 13:49:08 [SUCCESS] ✅ Socket.io با موفقیت راه‌اندازی شد
2026-08-23 13:49:08 [SUCCESS] ✅ سرور روی پورت 3000 در حال اجراست
2026-08-23 13:49:08 [INFO] 📍 آدرس محلی: http://localhost:3000
2026-08-23 13:49:08 [INFO] 📍 آدرس شبکه: http://192.168.10.17:3000
2026-08-23 13:49:38 [SUCCESS] ✅ متصل به MongoDB
2026-08-23 13:49:38 [INFO] ✅ 96 مجوز با موفقیت ایجاد/به‌روزرسانی شدند
2026-08-23 13:49:38 [INFO] ✅ مقادیر Enum ایجاد شدند
2026-08-23 13:49:38 [INFO] ✅ آیتم‌های منو ایجاد شدند
2026-08-23 13:49:39 [INFO] ✅ تنظیمات سیستم ایجاد شدند
2026-08-23 13:49:39 [SUCCESS] ✅ Redis با موفقیت متصل شد
2026-08-23 13:49:39 [SUCCESS] ✅ کش Redis با موفقیت تست شد
2026-08-23 13:49:39 [INFO] ✅ پشتیبان‌گیری و بازبینی دسترسی فعال شد
2026-08-23 13:49:39 [SUCCESS] ✅ Socket.io با موفقیت راه‌اندازی شد
2026-08-23 13:49:39 [SUCCESS] ✅ سرور روی پورت 3000 در حال اجراست
2026-08-23 13:49:39 [INFO] 📍 آدرس محلی: http://localhost:3000
2026-08-23 13:49:39 [INFO] 📍 آدرس شبکه: http://192.168.10.17:3000
2026-08-23 13:50:04 [SUCCESS] ✅ متصل به MongoDB
2026-08-23 13:50:04 [INFO] ✅ 96 مجوز با موفقیت ایجاد/به‌روزرسانی شدند
2026-08-23 13:50:05 [INFO] ✅ مقادیر Enum ایجاد شدند
2026-08-23 13:50:05 [INFO] ✅ آیتم‌های منو ایجاد شدند
2026-08-23 13:50:05 [INFO] ✅ تنظیمات سیستم ایجاد شدند
2026-08-23 13:50:05 [SUCCESS] ✅ Redis با موفقیت متصل شد
2026-08-23 13:50:05 [SUCCESS] ✅ کش Redis با موفقیت تست شد
2026-08-23 13:50:05 [INFO] ✅ پشتیبان‌گیری و بازبینی دسترسی فعال شد
2026-08-23 13:50:05 [SUCCESS] ✅ Socket.io با موفقیت راه‌اندازی شد
2026-08-23 13:50:05 [SUCCESS] ✅ سرور روی پورت 3000 در حال اجراست
2026-08-23 13:50:05 [INFO] 📍 آدرس محلی: http://localhost:3000
2026-08-23 13:50:05 [INFO] 📍 آدرس شبکه: http://192.168.10.17:3000
2026-08-23 13:51:25 [SUCCESS] ✅ متصل به MongoDB
2026-08-23 13:51:25 [INFO] ✅ 96 مجوز با موفقیت ایجاد/به‌روزرسانی شدند
2026-08-23 13:51:25 [INFO] ✅ مقادیر Enum ایجاد شدند
2026-08-23 13:51:26 [INFO] ✅ آیتم‌های منو ایجاد شدند
2026-08-23 13:51:26 [INFO] ✅ تنظیمات سیستم ایجاد شدند
2026-08-23 13:51:26 [SUCCESS] ✅ Redis با موفقیت متصل شد
2026-08-23 13:51:26 [SUCCESS] ✅ کش Redis با موفقیت تست شد
2026-08-23 13:51:26 [INFO] ✅ پشتیبان‌گیری و بازبینی دسترسی فعال شد
2026-08-23 13:51:26 [SUCCESS] ✅ Socket.io با موفقیت راه‌اندازی شد
2026-08-23 13:51:26 [SUCCESS] ✅ سرور روی پورت 3000 در حال اجراست
2026-08-23 13:51:26 [INFO] 📍 آدرس محلی: http://localhost:3000
2026-08-23 13:51:26 [INFO] 📍 آدرس شبکه: http://192.168.10.17:3000
2026-08-23 13:53:29 [SUCCESS] ✅ متصل به MongoDB
2026-08-23 13:53:30 [INFO] ✅ 96 مجوز با موفقیت ایجاد/به‌روزرسانی شدند
2026-08-23 13:53:30 [INFO] ✅ مقادیر Enum ایجاد شدند
2026-08-23 13:53:30 [INFO] ✅ آیتم‌های منو ایجاد شدند
2026-08-23 13:53:30 [INFO] ✅ تنظیمات سیستم ایجاد شدند
2026-08-23 13:53:30 [SUCCESS] ✅ Redis با موفقیت متصل شد
2026-08-23 13:53:30 [SUCCESS] ✅ کش Redis با موفقیت تست شد
2026-08-23 13:53:30 [INFO] ✅ پشتیبان‌گیری و بازبینی دسترسی فعال شد
2026-08-23 13:53:30 [SUCCESS] ✅ Socket.io با موفقیت راه‌اندازی شد
2026-08-23 13:53:30 [SUCCESS] ✅ سرور روی پورت 3000 در حال اجراست
2026-08-23 13:53:30 [INFO] 📍 آدرس محلی: http://localhost:3000
2026-08-23 13:53:30 [INFO] 📍 آدرس شبکه: http://192.168.10.17:3000
2026-08-23 13:54:23 [SUCCESS] ✅ متصل به MongoDB
2026-08-23 13:54:24 [INFO] ✅ 96 مجوز با موفقیت ایجاد/به‌روزرسانی شدند
2026-08-23 13:54:24 [INFO] ✅ مقادیر Enum ایجاد شدند
2026-08-23 13:54:24 [INFO] ✅ آیتم‌های منو ایجاد شدند
2026-08-23 13:54:24 [INFO] ✅ تنظیمات سیستم ایجاد شدند
2026-08-23 13:54:24 [SUCCESS] ✅ Redis با موفقیت متصل شد
2026-08-23 13:54:24 [SUCCESS] ✅ کش Redis با موفقیت تست شد
2026-08-23 13:54:24 [INFO] ✅ پشتیبان‌گیری و بازبینی دسترسی فعال شد
2026-08-23 13:54:24 [SUCCESS] ✅ Socket.io با موفقیت راه‌اندازی شد
2026-08-23 13:54:24 [SUCCESS] ✅ سرور روی پورت 3000 در حال اجراست
2026-08-23 13:54:24 [INFO] 📍 آدرس محلی: http://localhost:3000
2026-08-23 13:54:24 [INFO] 📍 آدرس شبکه: http://192.168.10.17:3000
2026-08-23 13:58:39 [SUCCESS] ✅ متصل به MongoDB
2026-08-23 13:58:40 [INFO] ✅ 150 مجوز با موفقیت ایجاد/به‌روزرسانی شدند
2026-08-23 13:58:40 [INFO] ✅ مقادیر Enum ایجاد شدند
2026-08-23 13:58:40 [INFO] ✅ آیتم‌های منو ایجاد شدند
2026-08-23 13:58:40 [INFO] ✅ تنظیمات سیستم ایجاد شدند
2026-08-23 13:58:40 [SUCCESS] ✅ Redis با موفقیت متصل شد
2026-08-23 13:58:40 [SUCCESS] ✅ کش Redis با موفقیت تست شد
2026-08-23 13:58:40 [INFO] ✅ پشتیبان‌گیری و بازبینی دسترسی فعال شد
2026-08-23 13:58:40 [SUCCESS] ✅ Socket.io با موفقیت راه‌اندازی شد
2026-08-23 13:58:40 [SUCCESS] ✅ سرور روی پورت 3000 در حال اجراست
2026-08-23 13:58:40 [INFO] 📍 آدرس محلی: http://localhost:3000
2026-08-23 13:58:40 [INFO] 📍 آدرس شبکه: http://192.168.10.17:3000
2026-08-23 14:53:45 [SUCCESS] ✅ متصل به MongoDB
2026-08-23 14:53:45 [INFO] ✅ 150 مجوز با موفقیت ایجاد/به‌روزرسانی شدند
2026-08-23 14:53:46 [INFO] ✅ مقادیر Enum ایجاد شدند
2026-08-23 14:53:46 [INFO] ✅ آیتم‌های منو ایجاد شدند
2026-08-23 14:53:46 [INFO] ✅ تنظیمات سیستم ایجاد شدند
2026-08-23 14:53:46 [SUCCESS] ✅ Redis با موفقیت متصل شد
2026-08-23 14:53:46 [SUCCESS] ✅ کش Redis با موفقیت تست شد
2026-08-23 14:53:46 [INFO] ✅ پشتیبان‌گیری و بازبینی دسترسی فعال شد
2026-08-23 14:53:46 [SUCCESS] ✅ Socket.io با موفقیت راه‌اندازی شد
2026-08-23 14:53:46 [SUCCESS] ✅ سرور روی پورت 3000 در حال اجراست
2026-08-23 14:53:46 [INFO] 📍 آدرس محلی: http://localhost:3000
2026-08-23 14:53:46 [INFO] 📍 آدرس شبکه: http://192.168.10.17:3000
2026-08-23 14:54:21 [SUCCESS] ✅ متصل به MongoDB
2026-08-23 14:54:21 [INFO] ✅ 150 مجوز با موفقیت ایجاد/به‌روزرسانی شدند
2026-08-23 14:54:21 [INFO] ✅ مقادیر Enum ایجاد شدند
2026-08-23 14:54:22 [INFO] ✅ آیتم‌های منو ایجاد شدند
2026-08-23 14:54:22 [INFO] ✅ تنظیمات سیستم ایجاد شدند
2026-08-23 14:54:22 [SUCCESS] ✅ Redis با موفقیت متصل شد
2026-08-23 14:54:22 [SUCCESS] ✅ کش Redis با موفقیت تست شد
2026-08-23 14:54:22 [INFO] ✅ پشتیبان‌گیری و بازبینی دسترسی فعال شد
2026-08-23 14:54:22 [SUCCESS] ✅ Socket.io با موفقیت راه‌اندازی شد
2026-08-23 14:54:22 [SUCCESS] ✅ سرور روی پورت 3000 در حال اجراست
2026-08-23 14:54:22 [INFO] 📍 آدرس محلی: http://localhost:3000
2026-08-23 14:54:22 [INFO] 📍 آدرس شبکه: http://192.168.10.17:3000
2026-08-23 14:54:44 [SUCCESS] ✅ متصل به MongoDB
2026-08-23 14:54:44 [INFO] ✅ 150 مجوز با موفقیت ایجاد/به‌روزرسانی شدند
2026-08-23 14:54:45 [INFO] ✅ مقادیر Enum ایجاد شدند
2026-08-23 14:54:45 [INFO] ✅ آیتم‌های منو ایجاد شدند
2026-08-23 14:54:45 [INFO] ✅ تنظیمات سیستم ایجاد شدند
2026-08-23 14:54:45 [SUCCESS] ✅ Redis با موفقیت متصل شد
2026-08-23 14:54:45 [SUCCESS] ✅ کش Redis با موفقیت تست شد
2026-08-23 14:54:45 [INFO] ✅ پشتیبان‌گیری و بازبینی دسترسی فعال شد
2026-08-23 14:54:45 [SUCCESS] ✅ Socket.io با موفقیت راه‌اندازی شد
2026-08-23 14:54:45 [SUCCESS] ✅ سرور روی پورت 3000 در حال اجراست
2026-08-23 14:54:45 [INFO] 📍 آدرس محلی: http://localhost:3000
2026-08-23 14:54:45 [INFO] 📍 آدرس شبکه: http://192.168.10.17:3000
2026-08-23 14:55:24 [SUCCESS] ✅ متصل به MongoDB
2026-08-23 14:55:24 [INFO] ✅ 150 مجوز با موفقیت ایجاد/به‌روزرسانی شدند
2026-08-23 14:55:24 [INFO] ✅ مقادیر Enum ایجاد شدند
2026-08-23 14:55:25 [INFO] ✅ آیتم‌های منو ایجاد شدند
2026-08-23 14:55:25 [INFO] ✅ تنظیمات سیستم ایجاد شدند
2026-08-23 14:55:25 [SUCCESS] ✅ Redis با موفقیت متصل شد
2026-08-23 14:55:25 [SUCCESS] ✅ کش Redis با موفقیت تست شد
2026-08-23 14:55:25 [INFO] ✅ پشتیبان‌گیری و بازبینی دسترسی فعال شد
2026-08-23 14:55:25 [SUCCESS] ✅ Socket.io با موفقیت راه‌اندازی شد
2026-08-23 14:55:25 [SUCCESS] ✅ سرور روی پورت 3000 در حال اجراست
2026-08-23 14:55:25 [INFO] 📍 آدرس محلی: http://localhost:3000
2026-08-23 14:55:25 [INFO] 📍 آدرس شبکه: http://192.168.10.17:3000
2026-08-23 14:55:53 [SUCCESS] ✅ متصل به MongoDB
2026-08-23 14:55:54 [INFO] ✅ 150 مجوز با موفقیت ایجاد/به‌روزرسانی شدند
2026-08-23 14:55:54 [INFO] ✅ مقادیر Enum ایجاد شدند
2026-08-23 14:55:54 [INFO] ✅ آیتم‌های منو ایجاد شدند
2026-08-23 14:55:54 [INFO] ✅ تنظیمات سیستم ایجاد شدند
2026-08-23 14:55:54 [SUCCESS] ✅ Redis با موفقیت متصل شد
2026-08-23 14:55:54 [SUCCESS] ✅ کش Redis با موفقیت تست شد
2026-08-23 14:55:54 [INFO] ✅ پشتیبان‌گیری و بازبینی دسترسی فعال شد
2026-08-23 14:55:54 [SUCCESS] ✅ Socket.io با موفقیت راه‌اندازی شد
2026-08-23 14:55:54 [SUCCESS] ✅ سرور روی پورت 3000 در حال اجراست
2026-08-23 14:55:54 [INFO] 📍 آدرس محلی: http://localhost:3000
2026-08-23 14:55:54 [INFO] 📍 آدرس شبکه: http://192.168.10.17:3000
2026-08-23 14:56:40 [SUCCESS] ✅ متصل به MongoDB
2026-08-23 14:56:41 [INFO] ✅ 150 مجوز با موفقیت ایجاد/به‌روزرسانی شدند
2026-08-23 14:56:41 [INFO] ✅ مقادیر Enum ایجاد شدند
2026-08-23 14:56:41 [INFO] ✅ آیتم‌های منو ایجاد شدند
2026-08-23 14:56:41 [INFO] ✅ تنظیمات سیستم ایجاد شدند
2026-08-23 14:56:41 [SUCCESS] ✅ Redis با موفقیت متصل شد
2026-08-23 14:56:41 [SUCCESS] ✅ کش Redis با موفقیت تست شد
2026-08-23 14:56:41 [INFO] ✅ پشتیبان‌گیری و بازبینی دسترسی فعال شد
2026-08-23 14:56:41 [SUCCESS] ✅ Socket.io با موفقیت راه‌اندازی شد
2026-08-23 14:56:41 [SUCCESS] ✅ سرور روی پورت 3000 در حال اجراست
2026-08-23 14:56:41 [INFO] 📍 آدرس محلی: http://localhost:3000
2026-08-23 14:56:41 [INFO] 📍 آدرس شبکه: http://192.168.10.17:3000
2026-08-23 14:57:04 [SUCCESS] ✅ متصل به MongoDB
2026-08-23 14:57:05 [INFO] ✅ 150 مجوز با موفقیت ایجاد/به‌روزرسانی شدند
2026-08-23 14:57:05 [INFO] ✅ مقادیر Enum ایجاد شدند
2026-08-23 14:57:05 [INFO] ✅ آیتم‌های منو ایجاد شدند
2026-08-23 14:57:05 [INFO] ✅ تنظیمات سیستم ایجاد شدند
2026-08-23 14:57:05 [SUCCESS] ✅ Redis با موفقیت متصل شد
2026-08-23 14:57:05 [SUCCESS] ✅ کش Redis با موفقیت تست شد
2026-08-23 14:57:05 [INFO] ✅ پشتیبان‌گیری و بازبینی دسترسی فعال شد
2026-08-23 14:57:05 [SUCCESS] ✅ Socket.io با موفقیت راه‌اندازی شد
2026-08-23 14:57:05 [SUCCESS] ✅ سرور روی پورت 3000 در حال اجراست
2026-08-23 14:57:05 [INFO] 📍 آدرس محلی: http://localhost:3000
2026-08-23 14:57:05 [INFO] 📍 آدرس شبکه: http://192.168.10.17:3000
2026-08-23 14:57:51 [SUCCESS] ✅ متصل به MongoDB
2026-08-23 14:57:52 [INFO] ✅ 150 مجوز با موفقیت ایجاد/به‌روزرسانی شدند
2026-08-23 14:57:52 [INFO] ✅ مقادیر Enum ایجاد شدند
2026-08-23 14:57:52 [INFO] ✅ آیتم‌های منو ایجاد شدند
2026-08-23 14:57:52 [INFO] ✅ تنظیمات سیستم ایجاد شدند
2026-08-23 14:57:52 [SUCCESS] ✅ Redis با موفقیت متصل شد
2026-08-23 14:57:52 [SUCCESS] ✅ کش Redis با موفقیت تست شد
2026-08-23 14:57:52 [INFO] ✅ پشتیبان‌گیری و بازبینی دسترسی فعال شد
2026-08-23 14:57:52 [SUCCESS] ✅ Socket.io با موفقیت راه‌اندازی شد
2026-08-23 14:57:52 [SUCCESS] ✅ سرور روی پورت 3000 در حال اجراست
2026-08-23 14:57:52 [INFO] 📍 آدرس محلی: http://localhost:3000
2026-08-23 14:57:52 [INFO] 📍 آدرس شبکه: http://192.168.10.17:3000
2026-08-23 16:46:46 [SUCCESS] ✅ متصل به MongoDB
2026-08-23 16:46:47 [INFO] ✅ 150 مجوز با موفقیت ایجاد/به‌روزرسانی شدند
2026-08-23 16:46:47 [INFO] ✅ مقادیر Enum ایجاد شدند
2026-08-23 16:46:47 [INFO] ✅ آیتم‌های منو ایجاد شدند
2026-08-23 16:46:47 [INFO] ✅ تنظیمات سیستم ایجاد شدند
2026-08-23 16:46:47 [SUCCESS] ✅ Redis با موفقیت متصل شد
2026-08-23 16:46:47 [SUCCESS] ✅ کش Redis با موفقیت تست شد
2026-08-23 16:46:47 [INFO] ✅ پشتیبان‌گیری و بازبینی دسترسی فعال شد
2026-08-23 16:46:47 [SUCCESS] ✅ Socket.io با موفقیت راه‌اندازی شد
2026-08-23 16:46:47 [SUCCESS] ✅ سرور روی پورت 3000 در حال اجراست
2026-08-23 16:46:47 [INFO] 📍 آدرس محلی: http://localhost:3000
2026-08-23 16:46:47 [INFO] 📍 آدرس شبکه: http://192.168.10.17:3000
2026-08-23 16:47:37 [SUCCESS] ✅ متصل به MongoDB
2026-08-23 16:47:38 [INFO] ✅ 150 مجوز با موفقیت ایجاد/به‌روزرسانی شدند
2026-08-23 16:47:38 [INFO] ✅ مقادیر Enum ایجاد شدند
2026-08-23 16:47:38 [INFO] ✅ آیتم‌های منو ایجاد شدند
2026-08-23 16:47:38 [INFO] ✅ تنظیمات سیستم ایجاد شدند
2026-08-23 16:47:38 [SUCCESS] ✅ Redis با موفقیت متصل شد
2026-08-23 16:47:38 [SUCCESS] ✅ کش Redis با موفقیت تست شد
2026-08-23 16:47:38 [INFO] ✅ پشتیبان‌گیری و بازبینی دسترسی فعال شد
2026-08-23 16:47:38 [SUCCESS] ✅ Socket.io با موفقیت راه‌اندازی شد
2026-08-23 16:47:38 [SUCCESS] ✅ سرور روی پورت 3000 در حال اجراست
2026-08-23 16:47:38 [INFO] 📍 آدرس محلی: http://localhost:3000
2026-08-23 16:47:38 [INFO] 📍 آدرس شبکه: http://192.168.10.17:3000
2026-08-23 16:56:33 [SUCCESS] ✅ متصل به MongoDB
2026-08-23 16:56:33 [INFO] ✅ 150 مجوز با موفقیت ایجاد/به‌روزرسانی شدند
2026-08-23 16:56:33 [INFO] ✅ مقادیر Enum ایجاد شدند
2026-08-23 16:56:33 [INFO] ✅ آیتم‌های منو ایجاد شدند
2026-08-23 16:56:34 [INFO] ✅ تنظیمات سیستم ایجاد شدند
2026-08-23 16:56:34 [SUCCESS] ✅ Redis با موفقیت متصل شد
2026-08-23 16:56:34 [SUCCESS] ✅ کش Redis با موفقیت تست شد
2026-08-23 16:56:34 [INFO] ✅ پشتیبان‌گیری و بازبینی دسترسی فعال شد
2026-08-23 16:56:34 [SUCCESS] ✅ Socket.io با موفقیت راه‌اندازی شد
2026-08-23 16:56:34 [SUCCESS] ✅ سرور روی پورت 3000 در حال اجراست
2026-08-23 16:56:34 [INFO] 📍 آدرس محلی: http://localhost:3000
2026-08-23 16:56:34 [INFO] 📍 آدرس شبکه: http://192.168.10.17:3000
2026-08-23 17:07:53 [SUCCESS] ✅ متصل به MongoDB
2026-08-23 17:07:53 [INFO] ✅ 150 مجوز با موفقیت ایجاد/به‌روزرسانی شدند
2026-08-23 17:07:53 [INFO] ✅ مقادیر Enum ایجاد شدند
2026-08-23 17:07:54 [INFO] ✅ آیتم‌های منو ایجاد شدند
2026-08-23 17:07:54 [INFO] ✅ تنظیمات سیستم ایجاد شدند
2026-08-23 17:07:54 [SUCCESS] ✅ Redis با موفقیت متصل شد
2026-08-23 17:07:54 [SUCCESS] ✅ کش Redis با موفقیت تست شد
2026-08-23 17:07:54 [INFO] ✅ پشتیبان‌گیری و بازبینی دسترسی فعال شد
2026-08-23 17:07:54 [SUCCESS] ✅ Socket.io با موفقیت راه‌اندازی شد
2026-08-23 17:07:54 [SUCCESS] ✅ سرور روی پورت 3000 در حال اجراست
2026-08-23 17:07:54 [INFO] 📍 آدرس محلی: http://localhost:3000
2026-08-23 17:07:54 [INFO] 📍 آدرس شبکه: http://192.168.10.17:3000
2026-08-23 17:47:42 [SUCCESS] ✅ متصل به MongoDB
2026-08-23 17:47:43 [INFO] ✅ 150 مجوز با موفقیت ایجاد/به‌روزرسانی شدند
2026-08-23 17:47:43 [INFO] ✅ مقادیر Enum ایجاد شدند
2026-08-23 17:47:43 [INFO] ✅ آیتم‌های منو ایجاد شدند
2026-08-23 17:47:43 [INFO] ✅ تنظیمات سیستم ایجاد شدند
2026-08-23 17:47:43 [SUCCESS] ✅ Redis با موفقیت متصل شد
2026-08-23 17:47:43 [SUCCESS] ✅ کش Redis با موفقیت تست شد
2026-08-23 17:47:43 [INFO] ✅ پشتیبان‌گیری و بازبینی دسترسی فعال شد
2026-08-23 17:47:43 [SUCCESS] ✅ Socket.io با موفقیت راه‌اندازی شد
2026-08-23 17:47:43 [SUCCESS] ✅ سرور روی پورت 3000 در حال اجراست
2026-08-23 17:47:43 [INFO] 📍 آدرس محلی: http://localhost:3000
2026-08-23 17:47:43 [INFO] 📍 آدرس شبکه: http://192.168.10.17:3000
2026-08-23 17:48:16 [SUCCESS] ✅ متصل به MongoDB
2026-08-23 17:48:16 [INFO] ✅ 150 مجوز با موفقیت ایجاد/به‌روزرسانی شدند
2026-08-23 17:48:16 [INFO] ✅ مقادیر Enum ایجاد شدند
2026-08-23 17:48:16 [INFO] ✅ آیتم‌های منو ایجاد شدند
2026-08-23 17:48:16 [INFO] ✅ تنظیمات سیستم ایجاد شدند
2026-08-23 17:48:16 [SUCCESS] ✅ Redis با موفقیت متصل شد
2026-08-23 17:48:16 [SUCCESS] ✅ کش Redis با موفقیت تست شد
2026-08-23 17:48:16 [INFO] ✅ پشتیبان‌گیری و بازبینی دسترسی فعال شد
2026-08-23 17:48:16 [SUCCESS] ✅ Socket.io با موفقیت راه‌اندازی شد
2026-08-23 17:48:16 [SUCCESS] ✅ سرور روی پورت 3000 در حال اجراست
2026-08-23 17:48:16 [INFO] 📍 آدرس محلی: http://localhost:3000
2026-08-23 17:48:16 [INFO] 📍 آدرس شبکه: http://192.168.10.17:3000
2026-08-23 17:49:10 [SUCCESS] ✅ متصل به MongoDB
2026-08-23 17:49:11 [INFO] ✅ 150 مجوز با موفقیت ایجاد/به‌روزرسانی شدند
2026-08-23 17:49:11 [INFO] ✅ مقادیر Enum ایجاد شدند
2026-08-23 17:49:11 [INFO] ✅ آیتم‌های منو ایجاد شدند
2026-08-23 17:49:11 [INFO] ✅ تنظیمات سیستم ایجاد شدند
2026-08-23 17:49:11 [SUCCESS] ✅ Redis با موفقیت متصل شد
2026-08-23 17:49:11 [SUCCESS] ✅ کش Redis با موفقیت تست شد
2026-08-23 17:49:11 [INFO] ✅ پشتیبان‌گیری و بازبینی دسترسی فعال شد
2026-08-23 17:49:11 [SUCCESS] ✅ Socket.io با موفقیت راه‌اندازی شد
2026-08-23 17:49:11 [SUCCESS] ✅ سرور روی پورت 3000 در حال اجراست
2026-08-23 17:49:11 [INFO] 📍 آدرس محلی: http://localhost:3000
2026-08-23 17:49:11 [INFO] 📍 آدرس شبکه: http://192.168.10.17:3000
2026-08-23 17:49:54 [SUCCESS] ✅ متصل به MongoDB
2026-08-23 17:49:54 [INFO] ✅ 150 مجوز با موفقیت ایجاد/به‌روزرسانی شدند
2026-08-23 17:49:54 [INFO] ✅ مقادیر Enum ایجاد شدند
2026-08-23 17:49:55 [INFO] ✅ آیتم‌های منو ایجاد شدند
2026-08-23 17:49:55 [INFO] ✅ تنظیمات سیستم ایجاد شدند
2026-08-23 17:49:55 [SUCCESS] ✅ Redis با موفقیت متصل شد
2026-08-23 17:49:55 [SUCCESS] ✅ کش Redis با موفقیت تست شد
2026-08-23 17:49:55 [INFO] ✅ پشتیبان‌گیری و بازبینی دسترسی فعال شد
2026-08-23 17:49:55 [SUCCESS] ✅ Socket.io با موفقیت راه‌اندازی شد
2026-08-23 17:49:55 [SUCCESS] ✅ سرور روی پورت 3000 در حال اجراست
2026-08-23 17:49:55 [INFO] 📍 آدرس محلی: http://localhost:3000
2026-08-23 17:49:55 [INFO] 📍 آدرس شبکه: http://192.168.10.17:3000
2026-08-23 17:50:18 [SUCCESS] ✅ متصل به MongoDB
2026-08-23 17:50:19 [INFO] ✅ 150 مجوز با موفقیت ایجاد/به‌روزرسانی شدند
2026-08-23 17:50:19 [INFO] ✅ مقادیر Enum ایجاد شدند
2026-08-23 17:50:19 [INFO] ✅ آیتم‌های منو ایجاد شدند
2026-08-23 17:50:19 [INFO] ✅ تنظیمات سیستم ایجاد شدند
2026-08-23 17:50:19 [SUCCESS] ✅ Redis با موفقیت متصل شد
2026-08-23 17:50:19 [SUCCESS] ✅ کش Redis با موفقیت تست شد
2026-08-23 17:50:19 [INFO] ✅ پشتیبان‌گیری و بازبینی دسترسی فعال شد
2026-08-23 17:50:19 [SUCCESS] ✅ Socket.io با موفقیت راه‌اندازی شد
2026-08-23 17:50:19 [SUCCESS] ✅ سرور روی پورت 3000 در حال اجراست
2026-08-23 17:50:19 [INFO] 📍 آدرس محلی: http://localhost:3000
2026-08-23 17:50:19 [INFO] 📍 آدرس شبکه: http://192.168.10.17:3000
2026-08-23 17:50:44 [SUCCESS] ✅ متصل به MongoDB
2026-08-23 17:50:44 [INFO] ✅ 150 مجوز با موفقیت ایجاد/به‌روزرسانی شدند
2026-08-23 17:50:45 [INFO] ✅ مقادیر Enum ایجاد شدند
2026-08-23 17:50:45 [INFO] ✅ آیتم‌های منو ایجاد شدند
2026-08-23 17:50:45 [INFO] ✅ تنظیمات سیستم ایجاد شدند
2026-08-23 17:50:45 [SUCCESS] ✅ Redis با موفقیت متصل شد
2026-08-23 17:50:45 [SUCCESS] ✅ کش Redis با موفقیت تست شد
2026-08-23 17:50:45 [INFO] ✅ پشتیبان‌گیری و بازبینی دسترسی فعال شد
2026-08-23 17:50:45 [SUCCESS] ✅ Socket.io با موفقیت راه‌اندازی شد
2026-08-23 17:50:45 [SUCCESS] ✅ سرور روی پورت 3000 در حال اجراست
2026-08-23 17:50:45 [INFO] 📍 آدرس محلی: http://localhost:3000
2026-08-23 17:50:45 [INFO] 📍 آدرس شبکه: http://192.168.10.17:3000
2026-08-23 17:51:13 [SUCCESS] ✅ متصل به MongoDB
2026-08-23 17:51:13 [INFO] ✅ 150 مجوز با موفقیت ایجاد/به‌روزرسانی شدند
2026-08-23 17:51:14 [INFO] ✅ مقادیر Enum ایجاد شدند
2026-08-23 17:51:14 [INFO] ✅ آیتم‌های منو ایجاد شدند
2026-08-23 17:51:14 [INFO] ✅ تنظیمات سیستم ایجاد شدند
2026-08-23 17:51:14 [SUCCESS] ✅ Redis با موفقیت متصل شد
2026-08-23 17:51:14 [SUCCESS] ✅ کش Redis با موفقیت تست شد
2026-08-23 17:51:14 [INFO] ✅ پشتیبان‌گیری و بازبینی دسترسی فعال شد
2026-08-23 17:51:14 [SUCCESS] ✅ Socket.io با موفقیت راه‌اندازی شد
2026-08-23 17:51:14 [SUCCESS] ✅ سرور روی پورت 3000 در حال اجراست
2026-08-23 17:51:14 [INFO] 📍 آدرس محلی: http://localhost:3000
2026-08-23 17:51:14 [INFO] 📍 آدرس شبکه: http://192.168.10.17:3000
2026-08-23 17:51:33 [SUCCESS] ✅ متصل به MongoDB
2026-08-23 17:51:34 [INFO] ✅ 150 مجوز با موفقیت ایجاد/به‌روزرسانی شدند
2026-08-23 17:51:34 [INFO] ✅ مقادیر Enum ایجاد شدند
2026-08-23 17:51:34 [INFO] ✅ آیتم‌های منو ایجاد شدند
2026-08-23 17:51:34 [INFO] ✅ تنظیمات سیستم ایجاد شدند
2026-08-23 17:51:34 [SUCCESS] ✅ Redis با موفقیت متصل شد
2026-08-23 17:51:34 [SUCCESS] ✅ کش Redis با موفقیت تست شد
2026-08-23 17:51:34 [INFO] ✅ پشتیبان‌گیری و بازبینی دسترسی فعال شد
2026-08-23 17:51:34 [SUCCESS] ✅ Socket.io با موفقیت راه‌اندازی شد
2026-08-23 17:51:34 [SUCCESS] ✅ سرور روی پورت 3000 در حال اجراست
2026-08-23 17:51:34 [INFO] 📍 آدرس محلی: http://localhost:3000
2026-08-23 17:51:34 [INFO] 📍 آدرس شبکه: http://192.168.10.17:3000
2026-08-23 17:51:53 [SUCCESS] ✅ متصل به MongoDB
2026-08-23 17:51:54 [INFO] ✅ 150 مجوز با موفقیت ایجاد/به‌روزرسانی شدند
2026-08-23 17:51:54 [INFO] ✅ مقادیر Enum ایجاد شدند
2026-08-23 17:51:54 [INFO] ✅ آیتم‌های منو ایجاد شدند
2026-08-23 17:51:54 [INFO] ✅ تنظیمات سیستم ایجاد شدند
2026-08-23 17:51:54 [SUCCESS] ✅ Redis با موفقیت متصل شد
2026-08-23 17:51:54 [SUCCESS] ✅ کش Redis با موفقیت تست شد
2026-08-23 17:51:54 [INFO] ✅ پشتیبان‌گیری و بازبینی دسترسی فعال شد
2026-08-23 17:51:54 [SUCCESS] ✅ Socket.io با موفقیت راه‌اندازی شد
2026-08-23 17:51:54 [SUCCESS] ✅ سرور روی پورت 3000 در حال اجراست
2026-08-23 17:51:54 [INFO] 📍 آدرس محلی: http://localhost:3000
2026-08-23 17:51:54 [INFO] 📍 آدرس شبکه: http://192.168.10.17:3000
2026-08-23 17:53:17 [SUCCESS] ✅ متصل به MongoDB
2026-08-23 17:53:17 [INFO] ✅ 150 مجوز با موفقیت ایجاد/به‌روزرسانی شدند
2026-08-23 17:53:17 [INFO] ✅ مقادیر Enum ایجاد شدند
2026-08-23 17:53:18 [INFO] ✅ آیتم‌های منو ایجاد شدند
2026-08-23 17:53:18 [INFO] ✅ تنظیمات سیستم ایجاد شدند
2026-08-23 17:53:18 [SUCCESS] ✅ Redis با موفقیت متصل شد
2026-08-23 17:53:18 [SUCCESS] ✅ کش Redis با موفقیت تست شد
2026-08-23 17:53:18 [INFO] ✅ پشتیبان‌گیری و بازبینی دسترسی فعال شد
2026-08-23 17:53:18 [SUCCESS] ✅ Socket.io با موفقیت راه‌اندازی شد
2026-08-23 17:53:18 [SUCCESS] ✅ سرور روی پورت 3000 در حال اجراست
2026-08-23 17:53:18 [INFO] 📍 آدرس محلی: http://localhost:3000
2026-08-23 17:53:18 [INFO] 📍 آدرس شبکه: http://192.168.10.17:3000
